Component: ARM Compiler 5.06 update 2 (build 183) Tool: armlink [4d35b7]

==============================================================================

Section Cross References

    stm32f0xx_hal_flash.o(i.FLASH_Program_HalfWord) refers to stm32f0xx_hal_flash.o(.bss) for .bss
    stm32f0xx_hal_flash.o(i.FLASH_SetErrorCode) refers to stm32f0xx_hal_flash.o(.bss) for .bss
    stm32f0xx_hal_flash.o(i.FLASH_WaitForLastOperation) refers to stm32f0xx_hal.o(i.HAL_GetTick) for HAL_GetTick
    stm32f0xx_hal_flash.o(i.FLASH_WaitForLastOperation) refers to stm32f0xx_hal_flash.o(i.FLASH_SetErrorCode) for FLASH_SetErrorCode
    stm32f0xx_hal_flash.o(i.HAL_FLASH_GetError) refers to stm32f0xx_hal_flash.o(.bss) for .bss
    stm32f0xx_hal_flash.o(i.HAL_FLASH_IRQHandler) refers to stm32f0xx_hal_flash.o(i.FLASH_SetErrorCode) for FLASH_SetErrorCode
    stm32f0xx_hal_flash.o(i.HAL_FLASH_IRQHandler) refers to stm32f0xx_hal_flash.o(i.HAL_FLASH_OperationErrorCallback) for HAL_FLASH_OperationErrorCallback
    stm32f0xx_hal_flash.o(i.HAL_FLASH_IRQHandler) refers to stm32f0xx_hal_flash.o(i.FLASH_Program_HalfWord) for FLASH_Program_HalfWord
    stm32f0xx_hal_flash.o(i.HAL_FLASH_IRQHandler) refers to stm32f0xx_hal_flash.o(i.HAL_FLASH_EndOfOperationCallback) for HAL_FLASH_EndOfOperationCallback
    stm32f0xx_hal_flash.o(i.HAL_FLASH_IRQHandler) refers to stm32f0xx_hal_flash_ex.o(i.FLASH_PageErase) for FLASH_PageErase
    stm32f0xx_hal_flash.o(i.HAL_FLASH_IRQHandler) refers to stm32f0xx_hal_flash.o(.bss) for .bss
    stm32f0xx_hal_flash.o(i.HAL_FLASH_OB_Launch) refers to stm32f0xx_hal_flash.o(i.FLASH_WaitForLastOperation) for FLASH_WaitForLastOperation
    stm32f0xx_hal_flash.o(i.HAL_FLASH_Program) refers to stm32f0xx_hal_flash.o(i.FLASH_WaitForLastOperation) for FLASH_WaitForLastOperation
    stm32f0xx_hal_flash.o(i.HAL_FLASH_Program) refers to llushr.o(.text) for __aeabi_llsr
    stm32f0xx_hal_flash.o(i.HAL_FLASH_Program) refers to stm32f0xx_hal_flash.o(i.FLASH_Program_HalfWord) for FLASH_Program_HalfWord
    stm32f0xx_hal_flash.o(i.HAL_FLASH_Program) refers to stm32f0xx_hal_flash.o(.bss) for .bss
    stm32f0xx_hal_flash.o(i.HAL_FLASH_Program_IT) refers to stm32f0xx_hal_flash.o(i.FLASH_Program_HalfWord) for FLASH_Program_HalfWord
    stm32f0xx_hal_flash.o(i.HAL_FLASH_Program_IT) refers to stm32f0xx_hal_flash.o(.bss) for .bss
    stm32f0xx_hal.o(i.HAL_DeInit) refers to stm32f0xx_hal.o(i.HAL_MspDeInit) for HAL_MspDeInit
    stm32f0xx_hal.o(i.HAL_Delay) refers to stm32f0xx_hal.o(i.HAL_GetTick) for HAL_GetTick
    stm32f0xx_hal.o(i.HAL_GetTick) refers to stm32f0xx_hal.o(.data) for .data
    stm32f0xx_hal.o(i.HAL_IncTick) refers to stm32f0xx_hal.o(.data) for .data
    stm32f0xx_hal.o(i.HAL_Init) refers to stm32f0xx_hal.o(i.HAL_InitTick) for HAL_InitTick
    stm32f0xx_hal.o(i.HAL_Init) refers to stm32f0xx_hal_msp.o(i.HAL_MspInit) for HAL_MspInit
    stm32f0xx_hal.o(i.HAL_InitTick) refers to stm32f0xx_hal_rcc.o(i.HAL_RCC_GetHCLKFreq) for HAL_RCC_GetHCLKFreq
    stm32f0xx_hal.o(i.HAL_InitTick) refers to uidiv.o(.text) for __aeabi_uidivmod
    stm32f0xx_hal.o(i.HAL_InitTick) refers to stm32f0xx_hal_cortex.o(i.HAL_SYSTICK_Config) for HAL_SYSTICK_Config
    stm32f0xx_hal.o(i.HAL_InitTick) refers to stm32f0xx_hal_cortex.o(i.HAL_NVIC_SetPriority) for HAL_NVIC_SetPriority
    stm32f0xx_hal_rcc_ex.o(i.HAL_RCCEx_GetPeriphCLKFreq) refers to stm32f0xx_hal_rcc.o(i.HAL_RCC_GetPCLK1Freq) for HAL_RCC_GetPCLK1Freq
    stm32f0xx_hal_rcc_ex.o(i.HAL_RCCEx_GetPeriphCLKFreq) refers to stm32f0xx_hal_rcc.o(i.HAL_RCC_GetSysClockFreq) for HAL_RCC_GetSysClockFreq
    stm32f0xx_hal_rcc_ex.o(i.HAL_RCCEx_PeriphCLKConfig) refers to stm32f0xx_hal.o(i.HAL_GetTick) for HAL_GetTick
    stm32f0xx_hal_dma.o(i.HAL_DMA_Abort) refers to stm32f0xx_hal.o(i.HAL_GetTick) for HAL_GetTick
    stm32f0xx_hal_dma.o(i.HAL_DMA_PollForTransfer) refers to stm32f0xx_hal.o(i.HAL_GetTick) for HAL_GetTick
    stm32f0xx_hal_dma.o(i.HAL_DMA_Start) refers to stm32f0xx_hal_dma.o(i.DMA_SetConfig) for DMA_SetConfig
    stm32f0xx_hal_dma.o(i.HAL_DMA_Start_IT) refers to stm32f0xx_hal_dma.o(i.DMA_SetConfig) for DMA_SetConfig
    stm32f0xx_hal_rcc.o(i.HAL_RCC_ClockConfig) refers to stm32f0xx_hal.o(i.HAL_GetTick) for HAL_GetTick
    stm32f0xx_hal_rcc.o(i.HAL_RCC_ClockConfig) refers to stm32f0xx_hal_rcc.o(i.HAL_RCC_GetSysClockFreq) for HAL_RCC_GetSysClockFreq
    stm32f0xx_hal_rcc.o(i.HAL_RCC_ClockConfig) refers to stm32f0xx_hal.o(i.HAL_InitTick) for HAL_InitTick
    stm32f0xx_hal_rcc.o(i.HAL_RCC_ClockConfig) refers to system_stm32f0xx.o(.constdata) for AHBPrescTable
    stm32f0xx_hal_rcc.o(i.HAL_RCC_ClockConfig) refers to system_stm32f0xx.o(.data) for SystemCoreClock
    stm32f0xx_hal_rcc.o(i.HAL_RCC_DeInit) refers to system_stm32f0xx.o(.data) for SystemCoreClock
    stm32f0xx_hal_rcc.o(i.HAL_RCC_GetHCLKFreq) refers to system_stm32f0xx.o(.data) for SystemCoreClock
[...]
    lis3dh_driver.o(i.LIS3DH_GetTempRaw) refers to lis3dh_driver.o(i.LIS3DH_ReadReg) for LIS3DH_ReadReg
    lis3dh_driver.o(i.LIS3DH_GetWHO_AM_I) refers to lis3dh_driver.o(i.LIS3DH_ReadReg) for LIS3DH_ReadReg
    lis3dh_driver.o(i.LIS3DH_HPFAOI1Enable) refers to lis3dh_driver.o(i.LIS3DH_ReadReg) for LIS3DH_ReadReg
    lis3dh_driver.o(i.LIS3DH_HPFAOI1Enable) refers to lis3dh_driver.o(i.LIS3DH_WriteReg) for LIS3DH_WriteReg
    lis3dh_driver.o(i.LIS3DH_HPFAOI2Enable) refers to lis3dh_driver.o(i.LIS3DH_ReadReg) for LIS3DH_ReadReg
    lis3dh_driver.o(i.LIS3DH_HPFAOI2Enable) refers to lis3dh_driver.o(i.LIS3DH_WriteReg) for LIS3DH_WriteReg
    lis3dh_driver.o(i.LIS3DH_HPFClickEnable) refers to lis3dh_driver.o(i.LIS3DH_ReadReg) for LIS3DH_ReadReg
    lis3dh_driver.o(i.LIS3DH_HPFClickEnable) refers to lis3dh_driver.o(i.LIS3DH_WriteReg) for LIS3DH_WriteReg
    lis3dh_driver.o(i.LIS3DH_Int1LatchEnable) refers to lis3dh_driver.o(i.LIS3DH_ReadReg) for LIS3DH_ReadReg
    lis3dh_driver.o(i.LIS3DH_Int1LatchEnable) refers to lis3dh_driver.o(i.LIS3DH_WriteReg) for LIS3DH_WriteReg
    lis3dh_driver.o(i.LIS3DH_ReadReg) refers to lis3dh_driver.o(i.SPI_Mems_Read_Reg) for SPI_Mems_Read_Reg
    lis3dh_driver.o(i.LIS3DH_ResetInt1Latch) refers to lis3dh_driver.o(i.LIS3DH_ReadReg) for LIS3DH_ReadReg
    lis3dh_driver.o(i.LIS3DH_ResetInt2Latch) refers to lis3dh_driver.o(i.LIS3DH_ReadReg) for LIS3DH_ReadReg
    lis3dh_driver.o(i.LIS3DH_SetADCAux) refers to lis3dh_driver.o(i.LIS3DH_ReadReg) for LIS3DH_ReadReg
    lis3dh_driver.o(i.LIS3DH_SetADCAux) refers to lis3dh_driver.o(i.LIS3DH_WriteReg) for LIS3DH_WriteReg
    lis3dh_driver.o(i.LIS3DH_SetAxis) refers to lis3dh_driver.o(i.LIS3DH_ReadReg) for LIS3DH_ReadReg
    lis3dh_driver.o(i.LIS3DH_SetAxis) refers to lis3dh_driver.o(i.LIS3DH_WriteReg) for LIS3DH_WriteReg
    lis3dh_driver.o(i.LIS3DH_SetBDU) refers to lis3dh_driver.o(i.LIS3DH_ReadReg) for LIS3DH_ReadReg
    lis3dh_driver.o(i.LIS3DH_SetBDU) refers to lis3dh_driver.o(i.LIS3DH_WriteReg) for LIS3DH_WriteReg
    lis3dh_driver.o(i.LIS3DH_SetBLE) refers to lis3dh_driver.o(i.LIS3DH_ReadReg) for LIS3DH_ReadReg
    lis3dh_driver.o(i.LIS3DH_SetBLE) refers to lis3dh_driver.o(i.LIS3DH_WriteReg) for LIS3DH_WriteReg
    lis3dh_driver.o(i.LIS3DH_SetClickCFG) refers to lis3dh_driver.o(i.LIS3DH_ReadReg) for LIS3DH_ReadReg
    lis3dh_driver.o(i.LIS3DH_SetClickCFG) refers to lis3dh_driver.o(i.LIS3DH_WriteReg) for LIS3DH_WriteReg
    lis3dh_driver.o(i.LIS3DH_SetClickLATENCY) refers to lis3dh_driver.o(i.LIS3DH_WriteReg) for LIS3DH_WriteReg
    lis3dh_driver.o(i.LIS3DH_SetClickLIMIT) refers to lis3dh_driver.o(i.LIS3DH_WriteReg) for LIS3DH_WriteReg
    lis3dh_driver.o(i.LIS3DH_SetClickTHS) refers to lis3dh_driver.o(i.LIS3DH_WriteReg) for LIS3DH_WriteReg
    lis3dh_driver.o(i.LIS3DH_SetClickWINDOW) refers to lis3dh_driver.o(i.LIS3DH_WriteReg) for LIS3DH_WriteReg
    lis3dh_driver.o(i.LIS3DH_SetFilterDataSel) refers to lis3dh_driver.o(i.LIS3DH_ReadReg) for LIS3DH_ReadReg
    lis3dh_driver.o(i.LIS3DH_SetFilterDataSel) refers to lis3dh_driver.o(i.LIS3DH_WriteReg) for LIS3DH_WriteReg
    lis3dh_driver.o(i.LIS3DH_SetFullScale) refers to lis3dh_driver.o(i.LIS3DH_ReadReg) for LIS3DH_ReadReg
    lis3dh_driver.o(i.LIS3DH_SetFullScale) refers to lis3dh_driver.o(i.LIS3DH_WriteReg) for LIS3DH_WriteReg
    lis3dh_driver.o(i.LIS3DH_SetHPFCutOFF) refers to lis3dh_driver.o(i.LIS3DH_ReadReg) for LIS3DH_ReadReg
    lis3dh_driver.o(i.LIS3DH_SetHPFCutOFF) refers to lis3dh_driver.o(i.LIS3DH_WriteReg) for LIS3DH_WriteReg
    lis3dh_driver.o(i.LIS3DH_SetHPFMode) refers to lis3dh_driver.o(i.LIS3DH_ReadReg) for LIS3DH_ReadReg
    lis3dh_driver.o(i.LIS3DH_SetHPFMode) refers to lis3dh_driver.o(i.LIS3DH_WriteReg) for LIS3DH_WriteReg
    lis3dh_driver.o(i.LIS3DH_SetInt1Duration) refers to lis3dh_driver.o(i.LIS3DH_WriteReg) for LIS3DH_WriteReg
    lis3dh_driver.o(i.LIS3DH_SetInt1Pin) refers to lis3dh_driver.o(i.LIS3DH_ReadReg) for LIS3DH_ReadReg
    lis3dh_driver.o(i.LIS3DH_SetInt1Pin) refers to lis3dh_driver.o(i.LIS3DH_WriteReg) for LIS3DH_WriteReg
    lis3dh_driver.o(i.LIS3DH_SetInt1Threshold) refers to lis3dh_driver.o(i.LIS3DH_WriteReg) for LIS3DH_WriteReg
    lis3dh_driver.o(i.LIS3DH_SetInt2Pin) refers to lis3dh_driver.o(i.LIS3DH_ReadReg) for LIS3DH_ReadReg
    lis3dh_driver.o(i.LIS3DH_SetInt2Pin) refers to lis3dh_driver.o(i.LIS3DH_WriteReg) for LIS3DH_WriteReg
    lis3dh_driver.o(i.LIS3DH_SetInt6D4DConfiguration) refers to lis3dh_driver.o(i.LIS3DH_ReadReg) for LIS3DH_ReadReg
    lis3dh_driver.o(i.LIS3DH_SetInt6D4DConfiguration) refers to lis3dh_driver.o(i.LIS3DH_WriteReg) for LIS3DH_WriteReg
    lis3dh_driver.o(i.LIS3DH_SetIntConfiguration) refers to lis3dh_driver.o(i.LIS3DH_ReadReg) for LIS3DH_ReadReg
    lis3dh_driver.o(i.LIS3DH_SetIntConfiguration) refers to lis3dh_driver.o(i.LIS3DH_WriteReg) for LIS3DH_WriteReg
    lis3dh_driver.o(i.LIS3DH_SetIntMode) refers to lis3dh_driver.o(i.LIS3DH_ReadReg) for LIS3DH_ReadReg
    lis3dh_driver.o(i.LIS3DH_SetIntMode) refers to lis3dh_driver.o(i.LIS3DH_WriteReg) for LIS3DH_WriteReg
    lis3dh_driver.o(i.LIS3DH_SetMode) refers to lis3dh_driver.o(i.LIS3DH_ReadReg) for LIS3DH_ReadReg
    lis3dh_driver.o(i.LIS3DH_SetMode) refers to lis3dh_driver.o(i.LIS3DH_WriteReg) for LIS3DH_WriteReg
    lis3dh_driver.o(i.LIS3DH_SetMode) refers to lis3dh_driver.o(.data) for .data
    lis3dh_driver.o(i.LIS3DH_SetODR) refers to lis3dh_driver.o(i.LIS3DH_ReadReg) for LIS3DH_ReadReg
    lis3dh_driver.o(i.LIS3DH_SetODR) refers to lis3dh_driver.o(i.LIS3DH_WriteReg) for LIS3DH_WriteReg
    lis3dh_driver.o(i.LIS3DH_SetSPIInterface) refers to lis3dh_driver.o(i.LIS3DH_ReadReg) for LIS3DH_ReadReg
    lis3dh_driver.o(i.LIS3DH_SetSPIInterface) refers to lis3dh_driver.o(i.LIS3DH_WriteReg) for LIS3DH_WriteReg
    lis3dh_driver.o(i.LIS3DH_SetSelfTest) refers to lis3dh_driver.o(i.LIS3DH_ReadReg) for LIS3DH_ReadReg
    lis3dh_driver.o(i.LIS3DH_SetSelfTest) refers to lis3dh_driver.o(i.LIS3DH_WriteReg) for LIS3DH_WriteReg
    lis3dh_driver.o(i.LIS3DH_SetTemperature) refers to lis3dh_driver.o(i.LIS3DH_ReadReg) for LIS3DH_ReadReg
    lis3dh_driver.o(i.LIS3DH_SetTemperature) refers to lis3dh_driver.o(i.LIS3DH_WriteReg) for LIS3DH_WriteReg
    lis3dh_driver.o(i.LIS3DH_SetTriggerInt) refers to lis3dh_driver.o(i.LIS3DH_ReadReg) for LIS3DH_ReadReg
    lis3dh_driver.o(i.LIS3DH_SetTriggerInt) refers to lis3dh_driver.o(i.LIS3DH_WriteReg) for LIS3DH_WriteReg
    lis3dh_driver.o(i.LIS3DH_SetWaterMark) refers to lis3dh_driver.o(i.LIS3DH_ReadReg) for LIS3DH_ReadReg
    lis3dh_driver.o(i.LIS3DH_SetWaterMark) refers to lis3dh_driver.o(i.LIS3DH_WriteReg) for LIS3DH_WriteReg
    lis3dh_driver.o(i.LIS3DH_WriteReg) refers to lis3dh_driver.o(i.SPI_Mems_Write_Reg) for SPI_Mems_Write_Reg
    lis3dh_driver.o(i.MEMS_SendByte) refers to stm32f0xx_hal_spi.o(i.HAL_SPI_TransmitReceive) for HAL_SPI_TransmitReceive
    lis3dh_driver.o(i.MEMS_SendByte) refers to spi.o(.bss) for RxBuff
    lis3dh_driver.o(i.MEMS_SendByte) refers to spi.o(.bss) for TxBuff
    lis3dh_driver.o(i.MEMS_SendByte) refers to spi.o(.bss) for hspi1
    lis3dh_driver.o(i.SPI_Mems_Read_Reg) refers to stm32f0xx_hal_gpio.o(i.HAL_GPIO_WritePin) for HAL_GPIO_WritePin
    lis3dh_driver.o(i.SPI_Mems_Read_Reg) refers to lis3dh_driver.o(i.MEMS_SendByte) for MEMS_SendByte
    lis3dh_driver.o(i.SPI_Mems_Write_Reg) refers to stm32f0xx_hal_gpio.o(i.HAL_GPIO_WritePin) for HAL_GPIO_WritePin
    lis3dh_driver.o(i.SPI_Mems_Write_Reg) refers to lis3dh_driver.o(i.MEMS_SendByte) for MEMS_SendByte
    system_stm32f0xx.o(i.SystemCoreClockUpdate) refers to uidiv.o(.text) for __aeabi_uidivmod
    system_stm32f0xx.o(i.SystemCoreClockUpdate) refers to system_stm32f0xx.o(.data) for .data
    system_stm32f0xx.o(i.SystemCoreClockUpdate) refers to system_stm32f0xx.o(.constdata) for .constdata
    acos.o(i.__softfp_acos) refers (Special) to iusefp.o(.text) for __I$use$fp
    acos.o(i.__softfp_acos) refers to acos.o(i.acos) for acos
    acos.o(i.acos) refers (Special) to iusefp.o(.text) for __I$use$fp
    acos.o(i.acos) refers to dunder.o(i.__mathlib_dbl_infnan) for __mathlib_dbl_infnan
    acos.o(i.acos) refers to errno.o(i.__set_errno) for __set_errno
    acos.o(i.acos) refers to dunder.o(i.__mathlib_dbl_invalid) for __mathlib_dbl_invalid
    acos.o(i.acos) refers to dmul.o(.text) for __aeabi_dmul
    acos.o(i.acos) refers to poly.o(i.__kernel_poly) for __kernel_poly
    acos.o(i.acos) refers to dadd.o(.text) for __aeabi_dadd
    acos.o(i.acos) refers to ddiv.o(.text) for __aeabi_ddiv
    acos.o(i.acos) refers to dscalb.o(.text) for __ARM_scalbn
    acos.o(i.acos) refers to sqrt.o(i.sqrt) for sqrt
    acos.o(i.acos) refers to acos.o(.constdata) for .constdata
    acos.o(.constdata) refers (Special) to iusefp.o(.text) for __I$use$fp
    acos_x.o(i.____softfp_acos$lsc) refers (Special) to iusefp.o(.text) for __I$use$fp
    acos_x.o(i.____softfp_acos$lsc) refers to acos_x.o(i.__acos$lsc) for __acos$lsc
    acos_x.o(i.__acos$lsc) refers (Special) to iusefp.o(.text) for __I$use$fp
    acos_x.o(i.__acos$lsc) refers to dunder.o(i.__mathlib_dbl_infnan) for __mathlib_dbl_infnan
    acos_x.o(i.__acos$lsc) refers to errno.o(i.__set_errno) for __set_errno
    acos_x.o(i.__acos$lsc) refers to dmul.o(.text) for __aeabi_dmul
    acos_x.o(i.__acos$lsc) refers to poly.o(i.__kernel_poly) for __kernel_poly
    acos_x.o(i.__acos$lsc) refers to dadd.o(.text) for __aeabi_dadd
    acos_x.o(i.__acos$lsc) refers to ddiv.o(.text) for __aeabi_ddiv
    acos_x.o(i.__acos$lsc) refers to dscalb.o(.text) for __ARM_scalbn
    acos_x.o(i.__acos$lsc) refers to sqrt.o(i.sqrt) for sqrt
    acos_x.o(i.__acos$lsc) refers to acos_x.o(.constdata) for .constdata
    acos_x.o(.constdata) refers (Special) to iusefp.o(.text) for __I$use$fp
    sqrt.o(i.__softfp_sqrt) refers (Special) to iusefp.o(.text) for __I$use$fp
    sqrt.o(i.__softfp_sqrt) refers to dsqrt.o(.text) for _dsqrt
    sqrt.o(i.__softfp_sqrt) refers to errno.o(i.__set_errno) for __set_errno
    sqrt.o(i.sqrt) refers (Special) to iusefp.o(.text) for __I$use$fp
    sqrt.o(i.sqrt) refers to dsqrt.o(.text) for _dsqrt
    sqrt.o(i.sqrt) refers to errno.o(i.__set_errno) for __set_errno
    sqrt_x.o(i.____softfp_sqrt$lsc) refers (Special) to iusefp.o(.text) for __I$use$fp
    sqrt_x.o(i.____softfp_sqrt$lsc) refers to cdcmple.o(.text) for __aeabi_cdcmple
    sqrt_x.o(i.____softfp_sqrt$lsc) refers to errno.o(i.__set_errno) for __set_errno
    sqrt_x.o(i.____softfp_sqrt$lsc) refers to dsqrt.o(.text) for _dsqrt
    sqrt_x.o(i.__sqrt$lsc) refers (Special) to iusefp.o(.text) for __I$use$fp
    sqrt_x.o(i.__sqrt$lsc) refers to cdcmple.o(.text) for __aeabi_cdcmple
    sqrt_x.o(i.__sqrt$lsc) refers to errno.o(i.__set_errno) for __set_errno
    sqrt_x.o(i.__sqrt$lsc) refers to dsqrt.o(.text) for _dsqrt
    entry.o(.ARM.Collect$$$$00000000) refers (Special) to entry10a.o(.ARM.Collect$$$$0000000D) for __rt_final_cpp
    entry.o(.ARM.Collect$$$$00000000) refers (Special) to entry11a.o(.ARM.Collect$$$$0000000F) for __rt_final_exit
    entry.o(.ARM.Collect$$$$00000000) refers (Special) to entry7b.o(.ARM.Collect$$$$00000008) for _main_clock
    entry.o(.ARM.Collect$$$$00000000) refers (Special) to entry8b.o(.ARM.Collect$$$$0000000A) for _main_cpp_init
    entry.o(.ARM.Collect$$$$00000000) refers (Special) to entry9a.o(.ARM.Collect$$$$0000000B) for _main_init
    entry.o(.ARM.Collect$$$$00000000) refers (Special) to entry5.o(.ARM.Collect$$$$00000004) for _main_scatterload
    entry.o(.ARM.Collect$$$$00000000) refers (Special) to entry2.o(.ARM.Collect$$$$00000001) for _main_stk
    fmul.o(.text) refers (Special) to iusefp.o(.text) for __I$use$fp
    fdiv.o(.text) refers (Special) to iusefp.o(.text) for __I$use$fp
    fdiv.o(.text) refers to fepilogue.o(.text) for _float_round
    dadd.o(.text) refers (Special) to iusefp.o(.text) for __I$use$fp
    dadd.o(.text) refers to llshl.o(.text) for __aeabi_llsl
    dadd.o(.text) refers to llsshr.o(.text) for __aeabi_lasr
    dadd.o(.text) refers to depilogue.o(.text) for _double_epilogue
    dmul.o(.text) refers (Special) to iusefp.o(.text) for __I$use$fp
    dmul.o(.text) refers to depilogue.o(.text) for _double_epilogue
    dflti.o(.text) refers (Special) to iusefp.o(.text) for __I$use$fp
    dflti.o(.text) refers to depilogue.o(.text) for _double_epilogue
    dfltui.o(.text) refers (Special) to iusefp.o(.text) for __I$use$fp
    dfltui.o(.text) refers to depilogue.o(.text) for _double_epilogue
    f2d.o(.text) refers (Special) to iusefp.o(.text) for __I$use$fp
    d2f.o(.text) refers (Special) to iusefp.o(.text) for __I$use$fp
    d2f.o(.text) refers to fepilogue.o(.text) for _float_round
    dunder.o(i.__mathlib_dbl_divzero) refers to ddiv.o(.text) for __aeabi_ddiv
    dunder.o(i.__mathlib_dbl_infnan) refers to dscalb.o(.text) for __ARM_scalbn
    dunder.o(i.__mathlib_dbl_infnan2) refers to dadd.o(.text) for __aeabi_dadd
    dunder.o(i.__mathlib_dbl_invalid) refers to ddiv.o(.text) for __aeabi_ddiv
    dunder.o(i.__mathlib_dbl_overflow) refers to dscalb.o(.text) for __ARM_scalbn
    dunder.o(i.__mathlib_dbl_posinfnan) refers to dmul.o(.text) for __aeabi_dmul
    dunder.o(i.__mathlib_dbl_underflow) refers to dscalb.o(.text) for __ARM_scalbn
    poly.o(i.__kernel_poly) refers (Special) to iusefp.o(.text) for __I$use$fp
    poly.o(i.__kernel_poly) refers to dmul.o(.text) for __aeabi_dmul
    poly.o(i.__kernel_poly) refers to dadd.o(.text) for __aeabi_dadd
    entry2.o(.ARM.Collect$$$$00000001) refers to entry2.o(.ARM.Collect$$$$00002712) for __lit__00000000
    entry2.o(.ARM.Collect$$$$00002712) refers to startup_stm32f030x8.o(STACK) for __initial_sp
    entry2.o(__vectab_stack_and_reset_area) refers to startup_stm32f030x8.o(STACK) for __initial_sp
    entry2.o(__vectab_stack_and_reset_area) refers to entry.o(.ARM.Collect$$$$00000000) for __main
    entry5.o(.ARM.Collect$$$$00000004) refers to init.o(.text) for __scatterload
    entry9a.o(.ARM.Collect$$$$0000000B) refers to main.o(i.main) for main
    entry9b.o(.ARM.Collect$$$$0000000C) refers to main.o(i.main) for main
    errno.o(i.__aeabi_errno_addr) refers to errno.o(.data) for .data
    errno.o(i.__read_errno) refers to errno.o(.data) for .data
    errno.o(i.__set_errno) refers to errno.o(.data) for .data
    depilogue.o(.text) refers to depilogue.o(i.__ARM_clz) for __ARM_clz
    depilogue.o(.text) refers to llshl.o(.text) for __aeabi_llsl
    depilogue.o(.text) refers to llushr.o(.text) for __aeabi_llsr
    ddiv.o(.text) refers to depilogue.o(.text) for _double_round
    dsqrt.o(.text) refers to llushr.o(.text) for __aeabi_llsr
    dsqrt.o(.text) refers to depilogue.o(.text) for _double_round
    init.o(.text) refers to entry5.o(.ARM.Collect$$$$00000004) for __main_after_scatterload


==============================================================================

Removing Unused input sections from the image.

    Removing stm32f0xx_hal_flash.o(.rev16_text), (4 bytes).
    Removing stm32f0xx_hal_flash.o(.revsh_text), (4 bytes).
    Removing stm32f0xx_hal_flash.o(i.FLASH_Program_HalfWord), (32 bytes).
    Removing stm32f0xx_hal_flash.o(i.FLASH_SetErrorCode), (56 bytes).
    Removing stm32f0xx_hal_flash.o(i.FLASH_WaitForLastOperation), (80 bytes).
    Removing stm32f0xx_hal_flash.o(i.HAL_FLASH_EndOfOperationCallback), (2 bytes).
    Removing stm32f0xx_hal_flash.o(i.HAL_FLASH_GetError), (12 bytes).
    Removing stm32f0xx_hal_flash.o(i.HAL_FLASH_IRQHandler), (268 bytes).
    Removing stm32f0xx_hal_flash.o(i.HAL_FLASH_Lock), (20 bytes).
    Removing stm32f0xx_hal_flash.o(i.HAL_FLASH_OB_Launch), (32 bytes).
    Removing stm32f0xx_hal_flash.o(i.HAL_FLASH_OB_Lock), (20 bytes).
    Removing stm32f0xx_hal_flash.o(i.HAL_FLASH_OB_Unlock), (36 bytes).
    Removing stm32f0xx_hal_flash.o(i.HAL_FLASH_OperationErrorCallback), (2 bytes).
    Removing stm32f0xx_hal_flash.o(i.HAL_FLASH_Program), (124 bytes).
    Removing stm32f0xx_hal_flash.o(i.HAL_FLASH_Program_IT), (100 bytes).
    Removing stm32f0xx_hal_flash.o(i.HAL_FLASH_Unlock), (36 bytes).
    Removing stm32f0xx_hal_flash.o(.bss), (32 bytes).
    Removing stm32f0xx_hal.o(.rev16_text), (4 bytes).
    Removing stm32f0xx_hal.o(.revsh_text), (4 bytes).
    Removing stm32f0xx_hal.o(i.HAL_DBGMCU_DisableDBGStandbyMode), (16 bytes).
    Removing stm32f0xx_hal.o(i.HAL_DBGMCU_DisableDBGStopMode), (16 bytes).
    Removing stm32f0xx_hal.o(i.HAL_DBGMCU_EnableDBGStandbyMode), (16 bytes).
    Removing stm32f0xx_hal.o(i.HAL_DBGMCU_EnableDBGStopMode), (16 bytes).
    Removing stm32f0xx_hal.o(i.HAL_DeInit), (36 bytes).
    Removing stm32f0xx_hal.o(i.HAL_Delay), (22 bytes).
    Removing stm32f0xx_hal.o(i.HAL_GetDEVID), (16 bytes).
    Removing stm32f0xx_hal.o(i.HAL_GetHalVersion), (6 bytes).
    Removing stm32f0xx_hal.o(i.HAL_GetREVID), (12 bytes).
    Removing stm32f0xx_hal.o(i.HAL_MspDeInit), (2 bytes).
    Removing stm32f0xx_hal.o(i.HAL_MspInit), (2 bytes).
    Removing stm32f0xx_hal.o(i.HAL_ResumeTick), (16 bytes).
    Removing stm32f0xx_hal.o(i.HAL_SuspendTick), (16 bytes).
    Removing stm32f0xx_hal_pwr.o(.rev16_text), (4 bytes).
    Removing stm32f0xx_hal_pwr.o(.revsh_text), (4 bytes).
    Removing stm32f0xx_hal_pwr.o(i.HAL_PWR_DeInit), (24 bytes).
    Removing stm32f0xx_hal_pwr.o(i.HAL_PWR_DisableBkUpAccess), (16 bytes).
    Removing stm32f0xx_hal_pwr.o(i.HAL_PWR_DisableSEVOnPend), (16 bytes).
    Removing stm32f0xx_hal_pwr.o(i.HAL_PWR_DisableSleepOnExit), (16 bytes).
    Removing stm32f0xx_hal_pwr.o(i.HAL_PWR_DisableWakeUpPin), (16 bytes).
    Removing stm32f0xx_hal_pwr.o(i.HAL_PWR_EnableBkUpAccess), (16 bytes).
    Removing stm32f0xx_hal_pwr.o(i.HAL_PWR_EnableSEVOnPend), (16 bytes).
    Removing stm32f0xx_hal_pwr.o(i.HAL_PWR_EnableSleepOnExit), (16 bytes).
    Removing stm32f0xx_hal_pwr.o(i.HAL_PWR_EnableWakeUpPin), (16 bytes).
    Removing stm32f0xx_hal_pwr.o(i.HAL_PWR_EnterSLEEPMode), (32 bytes).
    Removing stm32f0xx_hal_pwr.o(i.HAL_PWR_EnterSTANDBYMode), (32 bytes).
    Removing stm32f0xx_hal_pwr.o(i.HAL_PWR_EnterSTOPMode), (52 bytes).
    Removing stm32f0xx_hal_rcc_ex.o(.rev16_text), (4 bytes).
    Removing stm32f0xx_hal_rcc_ex.o(.revsh_text), (4 bytes).
    Removing stm32f0xx_hal_rcc_ex.o(i.HAL_RCCEx_GetPeriphCLKConfig), (44 bytes).
    Removing stm32f0xx_hal_rcc_ex.o(i.HAL_RCCEx_GetPeriphCLKFreq), (156 bytes).
    Removing stm32f0xx_hal_rcc_ex.o(i.HAL_RCCEx_PeriphCLKConfig), (232 bytes).
    Removing stm32f0xx_hal_pwr_ex.o(.rev16_text), (4 bytes).
    Removing stm32f0xx_hal_pwr_ex.o(.revsh_text), (4 bytes).
    Removing stm32f0xx_hal_dma.o(.rev16_text), (4 bytes).
    Removing stm32f0xx_hal_dma.o(.revsh_text), (4 bytes).
    Removing stm32f0xx_hal_dma.o(i.DMA_SetConfig), (30 bytes).
    Removing stm32f0xx_hal_dma.o(i.HAL_DMA_Abort), (76 bytes).
    Removing stm32f0xx_hal_dma.o(i.HAL_DMA_Abort_IT), (124 bytes).
    Removing stm32f0xx_hal_dma.o(i.HAL_DMA_DeInit), (204 bytes).
    Removing stm32f0xx_hal_dma.o(i.HAL_DMA_GetError), (4 bytes).
    Removing stm32f0xx_hal_dma.o(i.HAL_DMA_GetState), (6 bytes).
    Removing stm32f0xx_hal_dma.o(i.HAL_DMA_IRQHandler), (476 bytes).
    Removing stm32f0xx_hal_dma.o(i.HAL_DMA_Init), (84 bytes).
    Removing stm32f0xx_hal_dma.o(i.HAL_DMA_PollForTransfer), (452 bytes).
    Removing stm32f0xx_hal_dma.o(i.HAL_DMA_Start), (50 bytes).
    Removing stm32f0xx_hal_dma.o(i.HAL_DMA_Start_IT), (78 bytes).
    Removing stm32f0xx_hal_rcc.o(.rev16_text), (4 bytes).
    Removing stm32f0xx_hal_rcc.o(.revsh_text), (4 bytes).
    Removing stm32f0xx_hal_rcc.o(i.HAL_RCC_CSSCallback), (2 bytes).
    Removing stm32f0xx_hal_rcc.o(i.HAL_RCC_DeInit), (76 bytes).
    Removing stm32f0xx_hal_rcc.o(i.HAL_RCC_DisableCSS), (20 bytes).
    Removing stm32f0xx_hal_rcc.o(i.HAL_RCC_EnableCSS), (20 bytes).
    Removing stm32f0xx_hal_rcc.o(i.HAL_RCC_GetClockConfig), (56 bytes).
    Removing stm32f0xx_hal_rcc.o(i.HAL_RCC_GetOscConfig), (156 bytes).
    Removing stm32f0xx_hal_rcc.o(i.HAL_RCC_GetPCLK1Freq), (32 bytes).
    Removing stm32f0xx_hal_rcc.o(i.HAL_RCC_MCOConfig), (84 bytes).
    Removing stm32f0xx_hal_rcc.o(i.HAL_RCC_NMI_IRQHandler), (24 bytes).
    Removing stm32f0xx_hal_tim_ex.o(.rev16_text), (4 bytes).
    Removing stm32f0xx_hal_tim_ex.o(.revsh_text), (4 bytes).
    Removing stm32f0xx_hal_spi_ex.o(.rev16_text), (4 bytes).
    Removing stm32f0xx_hal_spi_ex.o(.revsh_text), (4 bytes).
    Removing stm32f0xx_hal_spi_ex.o(i.HAL_SPIEx_FlushRxFifo), (36 bytes).
    Removing stm32f0xx_hal_i2c_ex.o(.rev16_text), (4 bytes).
    Removing stm32f0xx_hal_i2c_ex.o(.revsh_text), (4 bytes).
    Removing stm32f0xx_hal_i2c_ex.o(i.HAL_I2CEx_ConfigAnalogFilter), (74 bytes).
    Removing stm32f0xx_hal_i2c_ex.o(i.HAL_I2CEx_ConfigDigitalFilter), (72 bytes).
    Removing stm32f0xx_hal_i2c_ex.o(i.HAL_I2CEx_DisableFastModePlus), (36 bytes).
    Removing stm32f0xx_hal_i2c_ex.o(i.HAL_I2CEx_EnableFastModePlus), (36 bytes).
    Removing stm32f0xx_hal_spi.o(.rev16_text), (4 bytes).
    Removing stm32f0xx_hal_spi.o(.revsh_text), (4 bytes).
    Removing stm32f0xx_hal_spi.o(i.HAL_SPI_DMAPause), (34 bytes).
    Removing stm32f0xx_hal_spi.o(i.HAL_SPI_DMAResume), (34 bytes).
    Removing stm32f0xx_hal_spi.o(i.HAL_SPI_DMAStop), (44 bytes).
    Removing stm32f0xx_hal_spi.o(i.HAL_SPI_DeInit), (48 bytes).
    Removing stm32f0xx_hal_spi.o(i.HAL_SPI_ErrorCallback), (2 bytes).
    Removing stm32f0xx_hal_spi.o(i.HAL_SPI_GetError), (4 bytes).
    Removing stm32f0xx_hal_spi.o(i.HAL_SPI_GetState), (6 bytes).
    Removing stm32f0xx_hal_spi.o(i.HAL_SPI_IRQHandler), (138 bytes).
    Removing stm32f0xx_hal_spi.o(i.HAL_SPI_MspDeInit), (2 bytes).
    Removing stm32f0xx_hal_spi.o(i.HAL_SPI_MspInit), (2 bytes).
    Removing stm32f0xx_hal_spi.o(i.HAL_SPI_Receive), (560 bytes).
    Removing stm32f0xx_hal_spi.o(i.HAL_SPI_Receive_DMA), (276 bytes).
    Removing stm32f0xx_hal_spi.o(i.HAL_SPI_Receive_IT), (252 bytes).
    Removing stm32f0xx_hal_spi.o(i.HAL_SPI_RxCpltCallback), (2 bytes).
    Removing stm32f0xx_hal_spi.o(i.HAL_SPI_RxHalfCpltCallback), (2 bytes).
    Removing stm32f0xx_hal_spi.o(i.HAL_SPI_Transmit), (372 bytes).
    Removing stm32f0xx_hal_spi.o(i.HAL_SPI_TransmitReceive_DMA), (424 bytes).
    Removing stm32f0xx_hal_spi.o(i.HAL_SPI_TransmitReceive_IT), (276 bytes).
    Removing stm32f0xx_hal_spi.o(i.HAL_SPI_Transmit_DMA), (260 bytes).
    Removing stm32f0xx_hal_spi.o(i.HAL_SPI_Transmit_IT), (180 bytes).
    Removing stm32f0xx_hal_spi.o(i.HAL_SPI_TxCpltCallback), (2 bytes).
    Removing stm32f0xx_hal_spi.o(i.HAL_SPI_TxHalfCpltCallback), (2 bytes).
    Removing stm32f0xx_hal_spi.o(i.HAL_SPI_TxRxCpltCallback), (2 bytes).
    Removing stm32f0xx_hal_spi.o(i.HAL_SPI_TxRxHalfCpltCallback), (2 bytes).
    Removing stm32f0xx_hal_spi.o(i.SPI_2linesRxISR_16BIT), (76 bytes).
    Removing stm32f0xx_hal_spi.o(i.SPI_2linesRxISR_16BITCRC), (26 bytes).
    Removing stm32f0xx_hal_spi.o(i.SPI_2linesRxISR_8BIT), (120 bytes).
    Removing stm32f0xx_hal_spi.o(i.SPI_2linesRxISR_8BITCRC), (40 bytes).
    Removing stm32f0xx_hal_spi.o(i.SPI_2linesTxISR_16BIT), (80 bytes).
    Removing stm32f0xx_hal_spi.o(i.SPI_2linesTxISR_8BIT), (100 bytes).
    Removing stm32f0xx_hal_spi.o(i.SPI_CloseRxTx_ISR), (108 bytes).
    Removing stm32f0xx_hal_spi.o(i.SPI_CloseRx_ISR), (92 bytes).
    Removing stm32f0xx_hal_spi.o(i.SPI_CloseTx_ISR), (74 bytes).
    Removing stm32f0xx_hal_spi.o(i.SPI_DMAError), (34 bytes).
    Removing stm32f0xx_hal_spi.o(i.SPI_DMAHalfReceiveCplt), (10 bytes).
    Removing stm32f0xx_hal_spi.o(i.SPI_DMAHalfTransmitCplt), (10 bytes).
    Removing stm32f0xx_hal_spi.o(i.SPI_DMAHalfTransmitReceiveCplt), (10 bytes).
    Removing stm32f0xx_hal_spi.o(i.SPI_DMAReceiveCplt), (204 bytes).
    Removing stm32f0xx_hal_spi.o(i.SPI_DMATransmitCplt), (84 bytes).
    Removing stm32f0xx_hal_spi.o(i.SPI_DMATransmitReceiveCplt), (200 bytes).
    Removing stm32f0xx_hal_spi.o(i.SPI_EndRxTransaction), (110 bytes).
    Removing stm32f0xx_hal_spi.o(i.SPI_RxISR_16BIT), (80 bytes).
    Removing stm32f0xx_hal_spi.o(i.SPI_RxISR_16BITCRC), (26 bytes).
    Removing stm32f0xx_hal_spi.o(i.SPI_RxISR_8BIT), (80 bytes).
    Removing stm32f0xx_hal_spi.o(i.SPI_RxISR_8BITCRC), (26 bytes).
    Removing stm32f0xx_hal_spi.o(i.SPI_TxISR_16BIT), (56 bytes).
    Removing stm32f0xx_hal_spi.o(i.SPI_TxISR_8BIT), (54 bytes).
    Removing stm32f0xx_hal_i2c.o(.rev16_text), (4 bytes).
    Removing stm32f0xx_hal_i2c.o(.revsh_text), (4 bytes).
    Removing stm32f0xx_hal_i2c.o(i.HAL_I2C_AbortCpltCallback), (2 bytes).
    Removing stm32f0xx_hal_i2c.o(i.HAL_I2C_AddrCallback), (2 bytes).
    Removing stm32f0xx_hal_i2c.o(i.HAL_I2C_DeInit), (52 bytes).
    Removing stm32f0xx_hal_i2c.o(i.HAL_I2C_DisableListen_IT), (48 bytes).
    Removing stm32f0xx_hal_i2c.o(i.HAL_I2C_ER_IRQHandler), (88 bytes).
    Removing stm32f0xx_hal_i2c.o(i.HAL_I2C_EV_IRQHandler), (16 bytes).
    Removing stm32f0xx_hal_i2c.o(i.HAL_I2C_EnableListen_IT), (40 bytes).
    Removing stm32f0xx_hal_i2c.o(i.HAL_I2C_ErrorCallback), (2 bytes).
    Removing stm32f0xx_hal_i2c.o(i.HAL_I2C_GetError), (4 bytes).
    Removing stm32f0xx_hal_i2c.o(i.HAL_I2C_GetMode), (6 bytes).
    Removing stm32f0xx_hal_i2c.o(i.HAL_I2C_GetState), (6 bytes).
    Removing stm32f0xx_hal_i2c.o(i.HAL_I2C_Init), (168 bytes).
    Removing stm32f0xx_hal_i2c.o(i.HAL_I2C_IsDeviceReady), (284 bytes).
    Removing stm32f0xx_hal_i2c.o(i.HAL_I2C_ListenCpltCallback), (2 bytes).
    Removing stm32f0xx_hal_i2c.o(i.HAL_I2C_MasterRxCpltCallback), (2 bytes).
    Removing stm32f0xx_hal_i2c.o(i.HAL_I2C_MasterTxCpltCallback), (2 bytes).
    Removing stm32f0xx_hal_i2c.o(i.HAL_I2C_Master_Abort_IT), (88 bytes).
    Removing stm32f0xx_hal_i2c.o(i.HAL_I2C_Master_Receive), (280 bytes).
    Removing stm32f0xx_hal_i2c.o(i.HAL_I2C_Master_Receive_DMA), (236 bytes).
    Removing stm32f0xx_hal_i2c.o(i.HAL_I2C_Master_Receive_IT), (124 bytes).
    Removing stm32f0xx_hal_i2c.o(i.HAL_I2C_Master_Sequential_Receive_IT), (116 bytes).
    Removing stm32f0xx_hal_i2c.o(i.HAL_I2C_Master_Sequential_Transmit_IT), (116 bytes).
    Removing stm32f0xx_hal_i2c.o(i.HAL_I2C_Master_Transmit), (280 bytes).
    Removing stm32f0xx_hal_i2c.o(i.HAL_I2C_Master_Transmit_DMA), (240 bytes).
    Removing stm32f0xx_hal_i2c.o(i.HAL_I2C_Master_Transmit_IT), (124 bytes).
    Removing stm32f0xx_hal_i2c.o(i.HAL_I2C_MemRxCpltCallback), (2 bytes).
    Removing stm32f0xx_hal_i2c.o(i.HAL_I2C_MemTxCpltCallback), (2 bytes).
    Removing stm32f0xx_hal_i2c.o(i.HAL_I2C_Mem_Read), (344 bytes).
    Removing stm32f0xx_hal_i2c.o(i.HAL_I2C_Mem_Read_DMA), (248 bytes).
    Removing stm32f0xx_hal_i2c.o(i.HAL_I2C_Mem_Read_IT), (188 bytes).
    Removing stm32f0xx_hal_i2c.o(i.HAL_I2C_Mem_Write), (340 bytes).
    Removing stm32f0xx_hal_i2c.o(i.HAL_I2C_Mem_Write_DMA), (244 bytes).
    Removing stm32f0xx_hal_i2c.o(i.HAL_I2C_Mem_Write_IT), (184 bytes).
    Removing stm32f0xx_hal_i2c.o(i.HAL_I2C_MspDeInit), (2 bytes).
    Removing stm32f0xx_hal_i2c.o(i.HAL_I2C_MspInit), (2 bytes).
    Removing stm32f0xx_hal_i2c.o(i.HAL_I2C_SlaveRxCpltCallback), (2 bytes).
    Removing stm32f0xx_hal_i2c.o(i.HAL_I2C_SlaveTxCpltCallback), (2 bytes).
    Removing stm32f0xx_hal_i2c.o(i.HAL_I2C_Slave_Receive), (292 bytes).
    Removing stm32f0xx_hal_i2c.o(i.HAL_I2C_Slave_Receive_DMA), (156 bytes).
    Removing stm32f0xx_hal_i2c.o(i.HAL_I2C_Slave_Receive_IT), (88 bytes).
    Removing stm32f0xx_hal_i2c.o(i.HAL_I2C_Slave_Sequential_Receive_IT), (128 bytes).
    Removing stm32f0xx_hal_i2c.o(i.HAL_I2C_Slave_Sequential_Transmit_IT), (128 bytes).
    Removing stm32f0xx_hal_i2c.o(i.HAL_I2C_Slave_Transmit), (300 bytes).
    Removing stm32f0xx_hal_i2c.o(i.HAL_I2C_Slave_Transmit_DMA), (156 bytes).
    Removing stm32f0xx_hal_i2c.o(i.HAL_I2C_Slave_Transmit_IT), (88 bytes).
    Removing stm32f0xx_hal_i2c.o(i.I2C_DMAAbort), (52 bytes).
    Removing stm32f0xx_hal_i2c.o(i.I2C_DMAError), (24 bytes).
    Removing stm32f0xx_hal_i2c.o(i.I2C_DMAMasterReceiveCplt), (68 bytes).
    Removing stm32f0xx_hal_i2c.o(i.I2C_DMAMasterTransmitCplt), (68 bytes).
    Removing stm32f0xx_hal_i2c.o(i.I2C_DMASlaveReceiveCplt), (2 bytes).
    Removing stm32f0xx_hal_i2c.o(i.I2C_DMASlaveTransmitCplt), (2 bytes).
    Removing stm32f0xx_hal_i2c.o(i.I2C_Disable_IRQ), (86 bytes).
    Removing stm32f0xx_hal_i2c.o(i.I2C_Enable_IRQ), (100 bytes).
    Removing stm32f0xx_hal_i2c.o(i.I2C_Flush_TXDR), (34 bytes).
    Removing stm32f0xx_hal_i2c.o(i.I2C_ITAddrCplt), (122 bytes).
    Removing stm32f0xx_hal_i2c.o(i.I2C_ITError), (204 bytes).
    Removing stm32f0xx_hal_i2c.o(i.I2C_ITListenCplt), (96 bytes).
    Removing stm32f0xx_hal_i2c.o(i.I2C_ITMasterCplt), (160 bytes).
    Removing stm32f0xx_hal_i2c.o(i.I2C_ITMasterSequentialCplt), (70 bytes).
    Removing stm32f0xx_hal_i2c.o(i.I2C_ITSlaveCplt), (232 bytes).
    Removing stm32f0xx_hal_i2c.o(i.I2C_ITSlaveSequentialCplt), (74 bytes).
    Removing stm32f0xx_hal_i2c.o(i.I2C_IsAcknowledgeFailed), (116 bytes).
    Removing stm32f0xx_hal_i2c.o(i.I2C_Master_ISR_DMA), (194 bytes).
    Removing stm32f0xx_hal_i2c.o(i.I2C_Master_ISR_IT), (296 bytes).
    Removing stm32f0xx_hal_i2c.o(i.I2C_RequestMemoryRead), (106 bytes).
    Removing stm32f0xx_hal_i2c.o(i.I2C_RequestMemoryWrite), (106 bytes).
    Removing stm32f0xx_hal_i2c.o(i.I2C_Slave_ISR_DMA), (104 bytes).
    Removing stm32f0xx_hal_i2c.o(i.I2C_Slave_ISR_IT), (280 bytes).
    Removing stm32f0xx_hal_i2c.o(i.I2C_TransferConfig), (36 bytes).
    Removing stm32f0xx_hal_i2c.o(i.I2C_WaitOnFlagUntilTimeout), (72 bytes).
    Removing stm32f0xx_hal_i2c.o(i.I2C_WaitOnRXNEFlagUntilTimeout), (120 bytes).
    Removing stm32f0xx_hal_i2c.o(i.I2C_WaitOnSTOPFlagUntilTimeout), (78 bytes).
    Removing stm32f0xx_hal_i2c.o(i.I2C_WaitOnTXISFlagUntilTimeout), (82 bytes).
    Removing stm32f0xx_hal_gpio.o(.rev16_text), (4 bytes).
    Removing stm32f0xx_hal_gpio.o(.revsh_text), (4 bytes).
    Removing stm32f0xx_hal_gpio.o(i.HAL_GPIO_DeInit), (212 bytes).
    Removing stm32f0xx_hal_gpio.o(i.HAL_GPIO_EXTI_Callback), (2 bytes).
    Removing stm32f0xx_hal_gpio.o(i.HAL_GPIO_LockPin), (36 bytes).
    Removing stm32f0xx_hal_gpio.o(i.HAL_GPIO_ReadPin), (10 bytes).
    Removing stm32f0xx_hal_gpio.o(i.HAL_GPIO_TogglePin), (8 bytes).
    Removing stm32f0xx_hal_tim.o(.rev16_text), (4 bytes).
    Removing stm32f0xx_hal_tim.o(.revsh_text), (4 bytes).
    Removing stm32f0xx_hal_cortex.o(.rev16_text), (4 bytes).
    Removing stm32f0xx_hal_cortex.o(.revsh_text), (4 bytes).
    Removing stm32f0xx_hal_cortex.o(i.HAL_NVIC_ClearPendingIRQ), (20 bytes).
    Removing stm32f0xx_hal_cortex.o(i.HAL_NVIC_DisableIRQ), (20 bytes).
    Removing stm32f0xx_hal_cortex.o(i.HAL_NVIC_GetPendingIRQ), (28 bytes).
    Removing stm32f0xx_hal_cortex.o(i.HAL_NVIC_GetPriority), (52 bytes).
    Removing stm32f0xx_hal_cortex.o(i.HAL_NVIC_SetPendingIRQ), (20 bytes).
    Removing stm32f0xx_hal_cortex.o(i.HAL_NVIC_SystemReset), (28 bytes).
    Removing stm32f0xx_hal_flash_ex.o(.rev16_text), (4 bytes).
    Removing stm32f0xx_hal_flash_ex.o(.revsh_text), (4 bytes).
    Removing stm32f0xx_hal_flash_ex.o(i.FLASH_MassErase), (36 bytes).
    Removing stm32f0xx_hal_flash_ex.o(i.FLASH_OB_DisableWRP), (108 bytes).
    Removing stm32f0xx_hal_flash_ex.o(i.FLASH_OB_EnableWRP), (108 bytes).
    Removing stm32f0xx_hal_flash_ex.o(i.FLASH_OB_GetRDP), (32 bytes).
    Removing stm32f0xx_hal_flash_ex.o(i.FLASH_OB_RDP_LevelConfig), (96 bytes).
    Removing stm32f0xx_hal_flash_ex.o(i.FLASH_PageErase), (36 bytes).
    Removing stm32f0xx_hal_flash_ex.o(i.HAL_FLASHEx_Erase), (160 bytes).
    Removing stm32f0xx_hal_flash_ex.o(i.HAL_FLASHEx_Erase_IT), (88 bytes).
    Removing stm32f0xx_hal_flash_ex.o(i.HAL_FLASHEx_OBErase), (80 bytes).
    Removing stm32f0xx_hal_flash_ex.o(i.HAL_FLASHEx_OBGetConfig), (36 bytes).
    Removing stm32f0xx_hal_flash_ex.o(i.HAL_FLASHEx_OBGetUserData), (28 bytes).
    Removing stm32f0xx_hal_flash_ex.o(i.HAL_FLASHEx_OBProgram), (204 bytes).
    Removing startup_stm32f030x8.o(HEAP), (512 bytes).
    Removing spi.o(.rev16_text), (4 bytes).
    Removing spi.o(.revsh_text), (4 bytes).
    Removing spi.o(i.HAL_SPI_MspDeInit), (44 bytes).
    Removing stm32f0xx_hal_msp.o(.rev16_text), (4 bytes).
    Removing stm32f0xx_hal_msp.o(.revsh_text), (4 bytes).
    Removing main.o(.rev16_text), (4 bytes).
    Removing main.o(.revsh_text), (4 bytes).
    Removing gpio.o(.rev16_text), (4 bytes).
    Removing gpio.o(.revsh_text), (4 bytes).
    Removing stm32f0xx_it.o(.rev16_text), (4 bytes).
    Removing stm32f0xx_it.o(.revsh_text), (4 bytes).
    Removing const_var.o(.rev16_text), (4 bytes).
    Removing const_var.o(.revsh_text), (4 bytes).
    Removing const_var.o(.data), (1 bytes).
    Removing const_var.o(.data), (1 bytes).
    Removing const_var.o(.data), (1 bytes).
    Removing const_var.o(.data), (1 bytes).
    Removing const_var.o(.data), (1 bytes).
    Removing const_var.o(.data), (1 bytes).
    Removing const_var.o(.data), (1 bytes).
    Removing const_var.o(.data), (2 bytes).
    Removing const_var.o(.data), (2 bytes).
    Removing const_var.o(.data), (2 bytes).
    Removing const_var.o(.data), (2 bytes).
    Removing const_var.o(.data), (2 bytes).
    Removing const_var.o(.data), (2 bytes).
    Removing const_var.o(.data), (1 bytes).
    Removing const_var.o(.data), (1 bytes).
    Removing const_var.o(.data), (1 bytes).
    Removing const_var.o(.data), (6 bytes).
    Removing const_var.o(.data), (2 bytes).
    Removing controle.o(.rev16_text), (4 bytes).
    Removing controle.o(.revsh_text), (4 bytes).
    Removing lis3dh_driver.o(.rev16_text), (4 bytes).
    Removing lis3dh_driver.o(.revsh_text), (4 bytes).
    Removing lis3dh_driver.o(i.LIS3DH_FIFOModeEnable), (330 bytes).
    Removing lis3dh_driver.o(i.LIS3DH_Get6DPosition), (60 bytes).
    Removing lis3dh_driver.o(i.LIS3DH_GetAuxRaw), (122 bytes).
    Removing lis3dh_driver.o(i.LIS3DH_GetClickResponse), (152 bytes).
    Removing lis3dh_driver.o(i.LIS3DH_GetFifoSourceBit), (90 bytes).
    Removing lis3dh_driver.o(i.LIS3DH_GetFifoSourceFSS), (32 bytes).
    Removing lis3dh_driver.o(i.LIS3DH_GetFifoSourceReg), (18 bytes).
    Removing lis3dh_driver.o(i.LIS3DH_GetInt1Src), (18 bytes).
    Removing lis3dh_driver.o(i.LIS3DH_GetInt1SrcBit), (134 bytes).
    Removing lis3dh_driver.o(i.LIS3DH_GetStatusAUXBit), (150 bytes).
    Removing lis3dh_driver.o(i.LIS3DH_GetStatusBit), (156 bytes).
    Removing lis3dh_driver.o(i.LIS3DH_GetTempRaw), (38 bytes).
    Removing lis3dh_driver.o(i.LIS3DH_HPFAOI1Enable), (44 bytes).
    Removing lis3dh_driver.o(i.LIS3DH_HPFAOI2Enable), (48 bytes).
    Removing lis3dh_driver.o(i.LIS3DH_HPFClickEnable), (48 bytes).
    Removing lis3dh_driver.o(i.LIS3DH_Int1LatchEnable), (48 bytes).
    Removing lis3dh_driver.o(i.LIS3DH_SetADCAux), (48 bytes).
    Removing lis3dh_driver.o(i.LIS3DH_SetAxis), (48 bytes).
    Removing lis3dh_driver.o(i.LIS3DH_SetBDU), (48 bytes).
    Removing lis3dh_driver.o(i.LIS3DH_SetBLE), (48 bytes).
    Removing lis3dh_driver.o(i.LIS3DH_SetClickCFG), (44 bytes).
    Removing lis3dh_driver.o(i.LIS3DH_SetClickLATENCY), (18 bytes).
    Removing lis3dh_driver.o(i.LIS3DH_SetClickLIMIT), (26 bytes).
    Removing lis3dh_driver.o(i.LIS3DH_SetClickTHS), (26 bytes).
    Removing lis3dh_driver.o(i.LIS3DH_SetClickWINDOW), (18 bytes).
    Removing lis3dh_driver.o(i.LIS3DH_SetFilterDataSel), (48 bytes).
    Removing lis3dh_driver.o(i.LIS3DH_SetFullScale), (48 bytes).
    Removing lis3dh_driver.o(i.LIS3DH_SetHPFCutOFF), (56 bytes).
    Removing lis3dh_driver.o(i.LIS3DH_SetHPFMode), (48 bytes).
    Removing lis3dh_driver.o(i.LIS3DH_SetInt1Duration), (26 bytes).
    Removing lis3dh_driver.o(i.LIS3DH_SetInt1Pin), (36 bytes).
    Removing lis3dh_driver.o(i.LIS3DH_SetInt1Threshold), (26 bytes).
    Removing lis3dh_driver.o(i.LIS3DH_SetInt2Pin), (36 bytes).
    Removing lis3dh_driver.o(i.LIS3DH_SetInt6D4DConfiguration), (126 bytes).
    Removing lis3dh_driver.o(i.LIS3DH_SetIntConfiguration), (44 bytes).
    Removing lis3dh_driver.o(i.LIS3DH_SetIntMode), (48 bytes).
    Removing lis3dh_driver.o(i.LIS3DH_SetMode), (156 bytes).
    Removing lis3dh_driver.o(i.LIS3DH_SetODR), (48 bytes).
    Removing lis3dh_driver.o(i.LIS3DH_SetSPIInterface), (44 bytes).
    Removing lis3dh_driver.o(i.LIS3DH_SetSelfTest), (48 bytes).
    Removing lis3dh_driver.o(i.LIS3DH_SetTemperature), (48 bytes).
    Removing lis3dh_driver.o(i.LIS3DH_SetTriggerInt), (48 bytes).
    Removing lis3dh_driver.o(i.LIS3DH_SetWaterMark), (52 bytes).
    Removing lis3dh_driver.o(.data), (1 bytes).
    Removing system_stm32f0xx.o(.rev16_text), (4 bytes).
    Removing system_stm32f0xx.o(.revsh_text), (4 bytes).
    Removing system_stm32f0xx.o(i.SystemCoreClockUpdate), (108 bytes).
    Removing system_stm32f0xx.o(.constdata), (8 bytes).
    Removing cdcmple.o(.text), (40 bytes).

328 unused section(s) (total 22075 bytes) removed from the image.

==============================================================================

Image Symbol Table

    Local Symbols

    Symbol Name                              Value     Ov Type        Size  Object(Section)

    ../Drivers/CMSIS//Device/ST/STM32F0xx/Source/Templates/system_stm32f0xx.c 0x00000000   Number         0  system_stm32f0xx.o ABSOLUTE
    ../Drivers/STM32F0xx_HAL_Driver/Src/stm32f0xx_hal.c 0x00000000   Number         0  stm32f0xx_hal.o ABSOLUTE
    ../Drivers/STM32F0xx_HAL_Driver/Src/stm32f0xx_hal_cortex.c 0x00000000   Number         0  stm32f0xx_hal_cortex.o ABSOLUTE
    ../Drivers/STM32F0xx_HAL_Driver/Src/stm32f0xx_hal_dma.c 0x00000000   Number         0  stm32f0xx_hal_dma.o ABSOLUTE
    ../Drivers/STM32F0xx_HAL_Driver/Src/stm32f0xx_hal_flash.c 0x00000000   Number         0  stm32f0xx_hal_flash.o ABSOLUTE
    ../Drivers/STM32F0xx_HAL_Driver/Src/stm32f0xx_hal_flash_ex.c 0x00000000   Number         0  stm32f0xx_hal_flash_ex.o ABSOLUTE
    ../Drivers/STM32F0xx_HAL_Driver/Src/stm32f0xx_hal_gpio.c 0x00000000   Number         0  stm32f0xx_hal_gpio.o ABSOLUTE
    ../Drivers/STM32F0xx_HAL_Driver/Src/stm32f0xx_hal_i2c.c 0x00000000   Number         0  stm32f0xx_hal_i2c.o ABSOLUTE
    ../Drivers/STM32F0xx_HAL_Driver/Src/stm32f0xx_hal_i2c_ex.c 0x00000000   Number         0  stm32f0xx_hal_i2c_ex.o ABSOLUTE
    ../Drivers/STM32F0xx_HAL_Driver/Src/stm32f0xx_hal_pwr.c 0x00000000   Number         0  stm32f0xx_hal_pwr.o ABSOLUTE
    ../Drivers/STM32F0xx_HAL_Driver/Src/stm32f0xx_hal_pwr_ex.c 0x00000000   Number         0  stm32f0xx_hal_pwr_ex.o ABSOLUTE
    ../Drivers/STM32F0xx_HAL_Driver/Src/stm32f0xx_hal_rcc.c 0x00000000   Number         0  stm32f0xx_hal_rcc.o ABSOLUTE
    ../Drivers/STM32F0xx_HAL_Driver/Src/stm32f0xx_hal_rcc_ex.c 0x00000000   Number         0  stm32f0xx_hal_rcc_ex.o ABSOLUTE
    ../Drivers/STM32F0xx_HAL_Driver/Src/stm32f0xx_hal_spi.c 0x00000000   Number         0  stm32f0xx_hal_spi.o ABSOLUTE
    ../Drivers/STM32F0xx_HAL_Driver/Src/stm32f0xx_hal_spi_ex.c 0x00000000   Number         0  stm32f0xx_hal_spi_ex.o ABSOLUTE
    ../Drivers/STM32F0xx_HAL_Driver/Src/stm32f0xx_hal_tim.c 0x00000000   Number         0  stm32f0xx_hal_tim.o ABSOLUTE
    ../Drivers/STM32F0xx_HAL_Driver/Src/stm32f0xx_hal_tim_ex.c 0x00000000   Number         0  stm32f0xx_hal_tim_ex.o ABSOLUTE
    ../Src/gpio.c                            0x00000000   Number         0  gpio.o ABSOLUTE
    ../Src/main.c                            0x00000000   Number         0  main.o ABSOLUTE
    ../Src/spi.c                             0x00000000   Number         0  spi.o ABSOLUTE
    ../Src/stm32f0xx_hal_msp.c               0x00000000   Number         0  stm32f0xx_hal_msp.o ABSOLUTE
    ../Src/stm32f0xx_it.c                    0x00000000   Number         0  stm32f0xx_it.o ABSOLUTE
    ../clib/microlib/division.c              0x00000000   Number         0  uidiv.o ABSOLUTE
    ../clib/microlib/errno.c                 0x00000000   Number         0  errno.o ABSOLUTE
    ../clib/microlib/init/entry.s            0x00000000   Number         0  entry10b.o ABSOLUTE
    ../clib/microlib/init/entry.s            0x00000000   Number         0  entry10a.o ABSOLUTE
    ../clib/microlib/init/entry.s            0x00000000   Number         0  entry9b.o ABSOLUTE
    ../clib/microlib/init/entry.s            0x00000000   Number         0  entry9a.o ABSOLUTE
    ../clib/microlib/init/entry.s            0x00000000   Number         0  entry8b.o ABSOLUTE
    ../clib/microlib/init/entry.s            0x00000000   Number         0  entry8a.o ABSOLUTE
    ../clib/microlib/init/entry.s            0x00000000   Number         0  entry7b.o ABSOLUTE
    ../clib/microlib/init/entry.s            0x00000000   Number         0  entry7a.o ABSOLUTE
    ../clib/microlib/init/entry.s            0x00000000   Number         0  entry5.o ABSOLUTE
    ../clib/microlib/init/entry.s            0x00000000   Number         0  entry2.o ABSOLUTE
    ../clib/microlib/init/entry.s            0x00000000   Number         0  entry11b.o ABSOLUTE
    ../clib/microlib/init/entry.s            0x00000000   Number         0  entry.o ABSOLUTE
    ../clib/microlib/init/entry.s            0x00000000   Number         0  entry11a.o ABSOLUTE
    ../clib/microlib/longlong.c              0x00000000   Number         0  llushr.o ABSOLUTE
    ../clib/microlib/longlong.c              0x00000000   Number         0  llsshr.o ABSOLUTE
    ../clib/microlib/longlong.c              0x00000000   Number         0  llshl.o ABSOLUTE
    ../clib/microlib/string/memset.c         0x00000000   Number         0  memseta.o ABSOLUTE
    ../clib/microlib/stubs.s                 0x00000000   Number         0  iusefp.o ABSOLUTE
    ../fplib/microlib/d2f.c                  0x00000000   Number         0  d2f.o ABSOLUTE
    ../fplib/microlib/f2d.c                  0x00000000   Number         0  f2d.o ABSOLUTE
    ../fplib/microlib/fpadd.c                0x00000000   Number         0  dadd.o ABSOLUTE
    ../fplib/microlib/fpdiv.c                0x00000000   Number         0  fdiv.o ABSOLUTE
    ../fplib/microlib/fpdiv.c                0x00000000   Number         0  ddiv.o ABSOLUTE
    ../fplib/microlib/fpepilogue.c           0x00000000   Number         0  fepilogue.o ABSOLUTE
    ../fplib/microlib/fpepilogue.c           0x00000000   Number         0  depilogue.o ABSOLUTE
    ../fplib/microlib/fpflt.c                0x00000000   Number         0  dfltui.o ABSOLUTE
    ../fplib/microlib/fpflt.c                0x00000000   Number         0  dflti.o ABSOLUTE
    ../fplib/microlib/fpmul.c                0x00000000   Number         0  dmul.o ABSOLUTE
    ../fplib/microlib/fpmul.c                0x00000000   Number         0  fmul.o ABSOLUTE
    ../fplib/microlib/fpscalb.c              0x00000000   Number         0  dscalb.o ABSOLUTE
    ../fplib/microlib/fpsqrt.c               0x00000000   Number         0  dsqrt.o ABSOLUTE
    ../mathlib/acos.c                        0x00000000   Number         0  acos_x.o ABSOLUTE
    ../mathlib/acos.c                        0x00000000   Number         0  acos.o ABSOLUTE
    ../mathlib/dunder.c                      0x00000000   Number         0  dunder.o ABSOLUTE
    ../mathlib/poly.c                        0x00000000   Number         0  poly.o ABSOLUTE
    ../mathlib/sqrt.c                        0x00000000   Number         0  sqrt_x.o ABSOLUTE
    ../mathlib/sqrt.c                        0x00000000   Number         0  sqrt.o ABSOLUTE
    ..\Drivers\CMSIS\\Device\ST\STM32F0xx\Source\Templates\system_stm32f0xx.c 0x00000000   Number         0  system_stm32f0xx.o ABSOLUTE
    ..\Drivers\STM32F0xx_HAL_Driver\Src\stm32f0xx_hal.c 0x00000000   Number         0  stm32f0xx_hal.o ABSOLUTE
    ..\Drivers\STM32F0xx_HAL_Driver\Src\stm32f0xx_hal_cortex.c 0x00000000   Number         0  stm32f0xx_hal_cortex.o ABSOLUTE
    ..\Drivers\STM32F0xx_HAL_Driver\Src\stm32f0xx_hal_dma.c 0x00000000   Number         0  stm32f0xx_hal_dma.o ABSOLUTE
    ..\Drivers\STM32F0xx_HAL_Driver\Src\stm32f0xx_hal_flash.c 0x00000000   Number         0  stm32f0xx_hal_flash.o ABSOLUTE
    ..\Drivers\STM32F0xx_HAL_Driver\Src\stm32f0xx_hal_flash_ex.c 0x00000000   Number         0  stm32f0xx_hal_flash_ex.o ABSOLUTE
    ..\Drivers\STM32F0xx_HAL_Driver\Src\stm32f0xx_hal_gpio.c 0x00000000   Number         0  stm32f0xx_hal_gpio.o ABSOLUTE
    ..\Drivers\STM32F0xx_HAL_Driver\Src\stm32f0xx_hal_i2c.c 0x00000000   Number         0  stm32f0xx_hal_i2c.o ABSOLUTE
    ..\Drivers\STM32F0xx_HAL_Driver\Src\stm32f0xx_hal_i2c_ex.c 0x00000000   Number         0  stm32f0xx_hal_i2c_ex.o ABSOLUTE
    ..\Drivers\STM32F0xx_HAL_Driver\Src\stm32f0xx_hal_pwr.c 0x00000000   Number         0  stm32f0xx_hal_pwr.o ABSOLUTE
    ..\Drivers\STM32F0xx_HAL_Driver\Src\stm32f0xx_hal_pwr_ex.c 0x00000000   Number         0  stm32f0xx_hal_pwr_ex.o ABSOLUTE
    ..\Drivers\STM32F0xx_HAL_Driver\Src\stm32f0xx_hal_rcc.c 0x00000000   Number         0  stm32f0xx_hal_rcc.o ABSOLUTE
    ..\Drivers\STM32F0xx_HAL_Driver\Src\stm32f0xx_hal_rcc_ex.c 0x00000000   Number         0  stm32f0xx_hal_rcc_ex.o ABSOLUTE
    ..\Drivers\STM32F0xx_HAL_Driver\Src\stm32f0xx_hal_spi.c 0x00000000   Number         0  stm32f0xx_hal_spi.o ABSOLUTE
    ..\Drivers\STM32F0xx_HAL_Driver\Src\stm32f0xx_hal_spi_ex.c 0x00000000   Number         0  stm32f0xx_hal_spi_ex.o ABSOLUTE
    ..\Drivers\STM32F0xx_HAL_Driver\Src\stm32f0xx_hal_tim.c 0x00000000   Number         0  stm32f0xx_hal_tim.o ABSOLUTE
    ..\Drivers\STM32F0xx_HAL_Driver\Src\stm32f0xx_hal_tim_ex.c 0x00000000   Number         0  stm32f0xx_hal_tim_ex.o ABSOLUTE
    ..\Src\gpio.c                            0x00000000   Number         0  gpio.o ABSOLUTE
    ..\Src\main.c                            0x00000000   Number         0  main.o ABSOLUTE
    ..\Src\spi.c                             0x00000000   Number         0  spi.o ABSOLUTE
    ..\Src\stm32f0xx_hal_msp.c               0x00000000   Number         0  stm32f0xx_hal_msp.o ABSOLUTE
    ..\Src\stm32f0xx_it.c                    0x00000000   Number         0  stm32f0xx_it.o ABSOLUTE
    ..\\src_lis3dh\\const_var.c              0x00000000   Number         0  const_var.o ABSOLUTE
    ..\\src_lis3dh\\controle.c               0x00000000   Number         0  controle.o ABSOLUTE
    ..\\src_lis3dh\\lis3dh_driver.c          0x00000000   Number         0  lis3dh_driver.o ABSOLUTE
    ..\src_lis3dh\const_var.c                0x00000000   Number         0  const_var.o ABSOLUTE
    ..\src_lis3dh\controle.c                 0x00000000   Number         0  controle.o ABSOLUTE
    ..\src_lis3dh\lis3dh_driver.c            0x00000000   Number         0  lis3dh_driver.o ABSOLUTE
    cdcmple.s                                0x00000000   Number         0  cdcmple.o ABSOLUTE
    dc.s                                     0x00000000   Number         0  dc.o ABSOLUTE
    handlers.s                               0x00000000   Number         0  handlers.o ABSOLUTE
    init.s                                   0x00000000   Number         0  init.o ABSOLUTE
    startup_stm32f030x8.s                    0x00000000   Number         0  startup_stm32f030x8.o ABSOLUTE
    RESET                                    0x08000000   Section      180  startup_stm32f030x8.o(RESET)
    .ARM.Collect$$$$00000000                 0x080000b4   Section        0  entry.o(.ARM.Collect$$$$00000000)
    .ARM.Collect$$$$00000001                 0x080000b4   Section        4  entry2.o(.ARM.Collect$$$$00000001)
    .ARM.Collect$$$$00000004                 0x080000b8   Section        4  entry5.o(.ARM.Collect$$$$00000004)
    .ARM.Collect$$$$00000008                 0x080000bc   Section        0  entry7b.o(.ARM.Collect$$$$00000008)
    .ARM.Collect$$$$0000000A                 0x080000bc   Section        0  entry8b.o(.ARM.Collect$$$$0000000A)
    .ARM.Collect$$$$0000000B                 0x080000bc   Section        8  entry9a.o(.ARM.Collect$$$$0000000B)
    .ARM.Collect$$$$0000000D                 0x080000c4   Section        0  entry10a.o(.ARM.Collect$$$$0000000D)
    .ARM.Collect$$$$0000000F                 0x080000c4   Section        0  entry11a.o(.ARM.Collect$$$$0000000F)
    .ARM.Collect$$$$00002712                 0x080000c4   Section        4  entry2.o(.ARM.Collect$$$$00002712)
    __lit__00000000                          0x080000c4   Data           4  entry2.o(.ARM.Collect$$$$00002712)
    .text                                    0x080000c8   Section       28  startup_stm32f030x8.o(.text)
    .text                                    0x080000e4   Section        0  uidiv.o(.text)
    .text                                    0x08000110   Section        0  llushr.o(.text)
    .text                                    0x08000132   Section        0  fmul.o(.text)
    .text                                    0x080001ac   Section        0  fdiv.o(.text)
    .text                                    0x08000228   Section        0  dadd.o(.text)
    .text                                    0x0800038c   Section        0  dmul.o(.text)
    .text                                    0x0800045c   Section        0  dflti.o(.text)
    .text                                    0x08000484   Section        0  dfltui.o(.text)
    .text                                    0x080004a0   Section        0  f2d.o(.text)
    .text                                    0x080004c8   Section        0  d2f.o(.text)
    .text                                    0x08000500   Section        0  llshl.o(.text)
    .text                                    0x08000520   Section        0  llsshr.o(.text)
    .text                                    0x08000546   Section        0  iusefp.o(.text)
    .text                                    0x08000546   Section        0  fepilogue.o(.text)
    .text                                    0x080005c8   Section        0  depilogue.o(.text)
    .text                                    0x08000688   Section        0  ddiv.o(.text)
    .text                                    0x08000778   Section        0  dscalb.o(.text)
    .text                                    0x080007a4   Section        0  dsqrt.o(.text)
    .text                                    0x08000848   Section       36  init.o(.text)
    i.EXTI4_15_IRQHandler                    0x0800086c   Section        0  stm32f0xx_it.o(i.EXTI4_15_IRQHandler)
    i.Error_Handler                          0x08000880   Section        0  main.o(i.Error_Handler)
    i.GetAngle                               0x08000884   Section        0  controle.o(i.GetAngle)
    i.HAL_GPIO_EXTI_Callback                 0x080009b8   Section        0  main.o(i.HAL_GPIO_EXTI_Callback)
    i.HAL_GPIO_EXTI_IRQHandler               0x080009d4   Section        0  stm32f0xx_hal_gpio.o(i.HAL_GPIO_EXTI_IRQHandler)
    i.HAL_GPIO_Init                          0x080009ec   Section        0  stm32f0xx_hal_gpio.o(i.HAL_GPIO_Init)
    i.HAL_GPIO_WritePin                      0x08000b34   Section        0  stm32f0xx_hal_gpio.o(i.HAL_GPIO_WritePin)
    i.HAL_GetTick                            0x08000b40   Section        0  stm32f0xx_hal.o(i.HAL_GetTick)
    i.HAL_IncTick                            0x08000b4c   Section        0  stm32f0xx_hal.o(i.HAL_IncTick)
    i.HAL_Init                               0x08000b5c   Section        0  stm32f0xx_hal.o(i.HAL_Init)
    i.HAL_InitTick                           0x08000b7c   Section        0  stm32f0xx_hal.o(i.HAL_InitTick)
    i.HAL_MspInit                            0x08000ba0   Section        0  stm32f0xx_hal_msp.o(i.HAL_MspInit)
    i.HAL_NVIC_EnableIRQ                     0x08000bd8   Section        0  stm32f0xx_hal_cortex.o(i.HAL_NVIC_EnableIRQ)
    i.HAL_NVIC_SetPriority                   0x08000bec   Section        0  stm32f0xx_hal_cortex.o(i.HAL_NVIC_SetPriority)
    i.HAL_RCC_ClockConfig                    0x08000bf4   Section        0  stm32f0xx_hal_rcc.o(i.HAL_RCC_ClockConfig)
    i.HAL_RCC_GetHCLKFreq                    0x08000d20   Section        0  stm32f0xx_hal_rcc.o(i.HAL_RCC_GetHCLKFreq)
    i.HAL_RCC_GetSysClockFreq                0x08000d2c   Section        0  stm32f0xx_hal_rcc.o(i.HAL_RCC_GetSysClockFreq)
    i.HAL_RCC_OscConfig                      0x08000da4   Section        0  stm32f0xx_hal_rcc.o(i.HAL_RCC_OscConfig)
    i.HAL_SPI_Init                           0x080010f8   Section        0  stm32f0xx_hal_spi.o(i.HAL_SPI_Init)
    i.HAL_SPI_MspInit                        0x080011c8   Section        0  spi.o(i.HAL_SPI_MspInit)
    i.HAL_SPI_TransmitReceive                0x08001210   Section        0  stm32f0xx_hal_spi.o(i.HAL_SPI_TransmitReceive)
    i.HAL_SYSTICK_CLKSourceConfig            0x080014e0   Section        0  stm32f0xx_hal_cortex.o(i.HAL_SYSTICK_CLKSourceConfig)
    i.HAL_SYSTICK_Callback                   0x080014f8   Section        0  stm32f0xx_hal_cortex.o(i.HAL_SYSTICK_Callback)
    i.HAL_SYSTICK_Config                     0x080014fc   Section        0  stm32f0xx_hal_cortex.o(i.HAL_SYSTICK_Config)
    i.HAL_SYSTICK_IRQHandler                 0x0800152c   Section        0  stm32f0xx_hal_cortex.o(i.HAL_SYSTICK_IRQHandler)
    i.LIS3DH_GetAccAxesRaw                   0x08001534   Section        0  lis3dh_driver.o(i.LIS3DH_GetAccAxesRaw)
    i.LIS3DH_GetStatusAUX                    0x080015c0   Section        0  lis3dh_driver.o(i.LIS3DH_GetStatusAUX)
    i.LIS3DH_GetStatusReg                    0x080015d2   Section        0  lis3dh_driver.o(i.LIS3DH_GetStatusReg)
    i.LIS3DH_GetWHO_AM_I                     0x080015e4   Section        0  lis3dh_driver.o(i.LIS3DH_GetWHO_AM_I)
    i.LIS3DH_INT1_ISR                        0x080015f8   Section        0  controle.o(i.LIS3DH_INT1_ISR)
    i.LIS3DH_INT2_ISR                        0x08001628   Section        0  controle.o(i.LIS3DH_INT2_ISR)
    i.LIS3DH_Init                            0x08001650   Section        0  controle.o(i.LIS3DH_Init)
    i.LIS3DH_ReadReg                         0x08001658   Section        0  lis3dh_driver.o(i.LIS3DH_ReadReg)
    i.LIS3DH_ResetInt1Latch                  0x08001666   Section        0  lis3dh_driver.o(i.LIS3DH_ResetInt1Latch)
    i.LIS3DH_ResetInt2Latch                  0x08001678   Section        0  lis3dh_driver.o(i.LIS3DH_ResetInt2Latch)
    i.LIS3DH_WriteReg                        0x0800168a   Section        0  lis3dh_driver.o(i.LIS3DH_WriteReg)
    i.MEMS_SendByte                          0x08001694   Section        0  lis3dh_driver.o(i.MEMS_SendByte)
    i.MEMS_Startup                           0x080016bc   Section        0  controle.o(i.MEMS_Startup)
    i.MX_GPIO_Init                           0x080017e8   Section        0  gpio.o(i.MX_GPIO_Init)
    i.MX_SPI1_Init                           0x080018b0   Section        0  spi.o(i.MX_SPI1_Init)
    i.Modulo                                 0x080018fc   Section        0  controle.o(i.Modulo)
    i.NVIC_SetPriority                       0x08001908   Section        0  stm32f0xx_hal_cortex.o(i.NVIC_SetPriority)
    NVIC_SetPriority                         0x08001909   Thumb Code    60  stm32f0xx_hal_cortex.o(i.NVIC_SetPriority)
    i.SPI_EndRxTxTransaction                 0x0800194c   Section        0  stm32f0xx_hal_spi.o(i.SPI_EndRxTxTransaction)
    SPI_EndRxTxTransaction                   0x0800194d   Thumb Code    50  stm32f0xx_hal_spi.o(i.SPI_EndRxTxTransaction)
    i.SPI_Mems_Read_Reg                      0x0800197e   Section        0  lis3dh_driver.o(i.SPI_Mems_Read_Reg)
    i.SPI_Mems_Write_Reg                     0x080019c8   Section        0  lis3dh_driver.o(i.SPI_Mems_Write_Reg)
    i.SPI_WaitFifoStateUntilTimeout          0x080019f8   Section        0  stm32f0xx_hal_spi.o(i.SPI_WaitFifoStateUntilTimeout)
    SPI_WaitFifoStateUntilTimeout            0x080019f9   Thumb Code   158  stm32f0xx_hal_spi.o(i.SPI_WaitFifoStateUntilTimeout)
    i.SPI_WaitFlagStateUntilTimeout          0x08001a9c   Section        0  stm32f0xx_hal_spi.o(i.SPI_WaitFlagStateUntilTimeout)
    SPI_WaitFlagStateUntilTimeout            0x08001a9d   Thumb Code   138  stm32f0xx_hal_spi.o(i.SPI_WaitFlagStateUntilTimeout)
    i.SysTick_Handler                        0x08001b2c   Section        0  stm32f0xx_it.o(i.SysTick_Handler)
    i.SystemClock_Config                     0x08001b38   Section        0  main.o(i.SystemClock_Config)
    i.SystemInit                             0x08001ba0   Section        0  system_stm32f0xx.o(i.SystemInit)
    i.__ARM_clz                              0x08001bfc   Section        0  depilogue.o(i.__ARM_clz)
    i.__kernel_poly                          0x08001c2a   Section        0  poly.o(i.__kernel_poly)
    i.__mathlib_dbl_infnan                   0x08001cd6   Section        0  dunder.o(i.__mathlib_dbl_infnan)
    i.__mathlib_dbl_invalid                  0x08001ce0   Section        0  dunder.o(i.__mathlib_dbl_invalid)
    i.__scatterload_copy                     0x08001cf0   Section       14  handlers.o(i.__scatterload_copy)
    i.__scatterload_null                     0x08001cfe   Section        2  handlers.o(i.__scatterload_null)
    i.__scatterload_zeroinit                 0x08001d00   Section       14  handlers.o(i.__scatterload_zeroinit)
    i.__set_errno                            0x08001d10   Section        0  errno.o(i.__set_errno)
    i.acos                                   0x08001d1c   Section        0  acos.o(i.acos)
    i.main                                   0x08001f84   Section        0  main.o(i.main)
    i.sqrt                                   0x08001fd8   Section        0  sqrt.o(i.sqrt)
    .constdata                               0x08002020   Section       16  system_stm32f0xx.o(.constdata)
    .constdata                               0x08002030   Section       80  acos.o(.constdata)
    pS                                       0x08002030   Data          48  acos.o(.constdata)
    qS                                       0x08002060   Data          32  acos.o(.constdata)
    .data                                    0x20000000   Section        4  stm32f0xx_hal.o(.data)
    .data                                    0x20000004   Section        1  const_var.o(.data)
    .data                                    0x20000005   Section        1  const_var.o(.data)
    .data                                    0x20000006   Section        1  const_var.o(.data)
    .data                                    0x20000007   Section        1  const_var.o(.data)
    .data                                    0x20000008   Section        1  const_var.o(.data)
    .data                                    0x20000009   Section        1  const_var.o(.data)
    .data                                    0x2000000a   Section        1  const_var.o(.data)
    .data                                    0x2000000b   Section        1  const_var.o(.data)
    .data                                    0x2000000c   Section        1  const_var.o(.data)
    .data                                    0x2000000d   Section        1  const_var.o(.data)
    .data                                    0x2000000e   Section        1  const_var.o(.data)
    .data                                    0x2000000f   Section        1  const_var.o(.data)
    .data                                    0x20000010   Section        6  const_var.o(.data)
    .data                                    0x20000016   Section        2  const_var.o(.data)
    .data                                    0x20000018   Section        4  controle.o(.data)
    .data                                    0x2000001c   Section        4  system_stm32f0xx.o(.data)
    .data                                    0x20000020   Section        4  errno.o(.data)
    _errno                                   0x20000020   Data           4  errno.o(.data)
    .bss                                     0x20000024   Section       10  spi.o(.bss)
    .bss                                     0x2000002e   Section       10  spi.o(.bss)
    .bss                                     0x20000038   Section      100  spi.o(.bss)
    STACK                                    0x200000a0   Section     1024  startup_stm32f030x8.o(STACK)

    Global Symbols

    Symbol Name                              Value     Ov Type        Size  Object(Section)

    BuildAttributes$$THM_ISAv3M$S$PE$A:L22$X:L11$S22$IEEE1$IW$USESV6$~STKCKD$USESV7$~SHL$OTIME$ROPI$IEEEX$EBA8$MICROLIB$REQ8$PRES8$EABIv2 0x00000000   Number         0  anon$$obj.o ABSOLUTE
    __ARM_use_no_argv                        0x00000000   Number         0  main.o ABSOLUTE
    __cpp_initialize__aeabi_                  - Undefined Weak Reference
    __cxa_finalize                            - Undefined Weak Reference
    __decompress                              - Undefined Weak Reference
    _clock_init                               - Undefined Weak Reference
    _microlib_exit                            - Undefined Weak Reference
    __Vectors_Size                           0x000000b4   Number         0  startup_stm32f030x8.o ABSOLUTE
    __Vectors                                0x08000000   Data           4  startup_stm32f030x8.o(RESET)
    __Vectors_End                            0x080000b4   Data           0  startup_stm32f030x8.o(RESET)
    __main                                   0x080000b5   Thumb Code     0  entry.o(.ARM.Collect$$$$00000000)
    _main_stk                                0x080000b5   Thumb Code     0  entry2.o(.ARM.Collect$$$$00000001)
    _main_scatterload                        0x080000b9   Thumb Code     0  entry5.o(.ARM.Collect$$$$00000004)
    __main_after_scatterload                 0x080000bd   Thumb Code     0  entry5.o(.ARM.Collect$$$$00000004)
    _main_clock                              0x080000bd   Thumb Code     0  entry7b.o(.ARM.Collect$$$$00000008)
    _main_cpp_init                           0x080000bd   Thumb Code     0  entry8b.o(.ARM.Collect$$$$0000000A)
    _main_init                               0x080000bd   Thumb Code     0  entry9a.o(.ARM.Collect$$$$0000000B)
    __rt_final_cpp                           0x080000c5   Thumb Code     0  entry10a.o(.ARM.Collect$$$$0000000D)
    __rt_final_exit                          0x080000c5   Thumb Code     0  entry11a.o(.ARM.Collect$$$$0000000F)
    Reset_Handler                            0x080000c9   Thumb Code     8  startup_stm32f030x8.o(.text)
    NMI_Handler                              0x080000d1   Thumb Code     2  startup_stm32f030x8.o(.text)
    HardFault_Handler                        0x080000d3   Thumb Code     2  startup_stm32f030x8.o(.text)
    SVC_Handler                              0x080000d5   Thumb Code     2  startup_stm32f030x8.o(.text)
    PendSV_Handler                           0x080000d7   Thumb Code     2  startup_stm32f030x8.o(.text)
    ADC1_IRQHandler                          0x080000db   Thumb Code     0  startup_stm32f030x8.o(.text)
    DMA1_Channel1_IRQHandler                 0x080000db   Thumb Code     0  startup_stm32f030x8.o(.text)
    DMA1_Channel2_3_IRQHandler               0x080000db   Thumb Code     0  startup_stm32f030x8.o(.text)
    DMA1_Channel4_5_IRQHandler               0x080000db   Thumb Code     0  startup_stm32f030x8.o(.text)
    EXTI0_1_IRQHandler                       0x080000db   Thumb Code     0  startup_stm32f030x8.o(.text)
    EXTI2_3_IRQHandler                       0x080000db   Thumb Code     0  startup_stm32f030x8.o(.text)
    FLASH_IRQHandler                         0x080000db   Thumb Code     0  startup_stm32f030x8.o(.text)
    I2C1_IRQHandler                          0x080000db   Thumb Code     0  startup_stm32f030x8.o(.text)
    I2C2_IRQHandler                          0x080000db   Thumb Code     0  startup_stm32f030x8.o(.text)
    RCC_IRQHandler                           0x080000db   Thumb Code     0  startup_stm32f030x8.o(.text)
    RTC_IRQHandler                           0x080000db   Thumb Code     0  startup_stm32f030x8.o(.text)
    SPI1_IRQHandler                          0x080000db   Thumb Code     0  startup_stm32f030x8.o(.text)
    SPI2_IRQHandler                          0x080000db   Thumb Code     0  startup_stm32f030x8.o(.text)
    TIM14_IRQHandler                         0x080000db   Thumb Code     0  startup_stm32f030x8.o(.text)
    TIM15_IRQHandler                         0x080000db   Thumb Code     0  startup_stm32f030x8.o(.text)
    TIM16_IRQHandler                         0x080000db   Thumb Code     0  startup_stm32f030x8.o(.text)
    TIM17_IRQHandler                         0x080000db   Thumb Code     0  startup_stm32f030x8.o(.text)
    TIM1_BRK_UP_TRG_COM_IRQHandler           0x080000db   Thumb Code     0  startup_stm32f030x8.o(.text)
    TIM1_CC_IRQHandler                       0x080000db   Thumb Code     0  startup_stm32f030x8.o(.text)
    TIM3_IRQHandler                          0x080000db   Thumb Code     0  startup_stm32f030x8.o(.text)
    USART1_IRQHandler                        0x080000db   Thumb Code     0  startup_stm32f030x8.o(.text)
    USART2_IRQHandler                        0x080000db   Thumb Code     0  startup_stm32f030x8.o(.text)
    WWDG_IRQHandler                          0x080000db   Thumb Code     0  startup_stm32f030x8.o(.text)
    __aeabi_uidiv                            0x080000e5   Thumb Code     0  uidiv.o(.text)
    __aeabi_uidivmod                         0x080000e5   Thumb Code    44  uidiv.o(.text)
    __aeabi_llsr                             0x08000111   Thumb Code    34  llushr.o(.text)
    _ll_ushift_r                             0x08000111   Thumb Code     0  llushr.o(.text)
    __aeabi_fmul                             0x08000133   Thumb Code   122  fmul.o(.text)
    __aeabi_fdiv                             0x080001ad   Thumb Code   124  fdiv.o(.text)
    __aeabi_dadd                             0x08000229   Thumb Code   328  dadd.o(.text)
    __aeabi_dsub                             0x08000371   Thumb Code    12  dadd.o(.text)
    __aeabi_drsub                            0x0800037d   Thumb Code    12  dadd.o(.text)
    __aeabi_dmul                             0x0800038d   Thumb Code   202  dmul.o(.text)
    __aeabi_i2d                              0x0800045d   Thumb Code    34  dflti.o(.text)
    __aeabi_ui2d                             0x08000485   Thumb Code    24  dfltui.o(.text)
    __aeabi_f2d                              0x080004a1   Thumb Code    40  f2d.o(.text)
    __aeabi_d2f                              0x080004c9   Thumb Code    56  d2f.o(.text)
    __aeabi_llsl                             0x08000501   Thumb Code    32  llshl.o(.text)
    _ll_shift_l                              0x08000501   Thumb Code     0  llshl.o(.text)
    __aeabi_lasr                             0x08000521   Thumb Code    38  llsshr.o(.text)
    _ll_sshift_r                             0x08000521   Thumb Code     0  llsshr.o(.text)
    __I$use$fp                               0x08000547   Thumb Code     0  iusefp.o(.text)
    _float_round                             0x08000547   Thumb Code    16  fepilogue.o(.text)
    _float_epilogue                          0x08000557   Thumb Code   114  fepilogue.o(.text)
    _double_round                            0x080005c9   Thumb Code    26  depilogue.o(.text)
    _double_epilogue                         0x080005e3   Thumb Code   164  depilogue.o(.text)
    __aeabi_ddiv                             0x08000689   Thumb Code   234  ddiv.o(.text)
    __ARM_scalbn                             0x08000779   Thumb Code    44  dscalb.o(.text)
    scalbn                                   0x08000779   Thumb Code     0  dscalb.o(.text)
    _dsqrt                                   0x080007a5   Thumb Code   162  dsqrt.o(.text)
    __scatterload                            0x08000849   Thumb Code    28  init.o(.text)
    __scatterload_rt2                        0x08000849   Thumb Code     0  init.o(.text)
    EXTI4_15_IRQHandler                      0x0800086d   Thumb Code    20  stm32f0xx_it.o(i.EXTI4_15_IRQHandler)
    Error_Handler                            0x08000881   Thumb Code     2  main.o(i.Error_Handler)
    GetAngle                                 0x08000885   Thumb Code   302  controle.o(i.GetAngle)
    HAL_GPIO_EXTI_Callback                   0x080009b9   Thumb Code    28  main.o(i.HAL_GPIO_EXTI_Callback)
    HAL_GPIO_EXTI_IRQHandler                 0x080009d5   Thumb Code    18  stm32f0xx_hal_gpio.o(i.HAL_GPIO_EXTI_IRQHandler)
    HAL_GPIO_Init                            0x080009ed   Thumb Code   302  stm32f0xx_hal_gpio.o(i.HAL_GPIO_Init)
    HAL_GPIO_WritePin                        0x08000b35   Thumb Code    12  stm32f0xx_hal_gpio.o(i.HAL_GPIO_WritePin)
    HAL_GetTick                              0x08000b41   Thumb Code     6  stm32f0xx_hal.o(i.HAL_GetTick)
    HAL_IncTick                              0x08000b4d   Thumb Code    10  stm32f0xx_hal.o(i.HAL_IncTick)
    HAL_Init                                 0x08000b5d   Thumb Code    26  stm32f0xx_hal.o(i.HAL_Init)
    HAL_InitTick                             0x08000b7d   Thumb Code    34  stm32f0xx_hal.o(i.HAL_InitTick)
    HAL_MspInit                              0x08000ba1   Thumb Code    50  stm32f0xx_hal_msp.o(i.HAL_MspInit)
    HAL_NVIC_EnableIRQ                       0x08000bd9   Thumb Code    14  stm32f0xx_hal_cortex.o(i.HAL_NVIC_EnableIRQ)
    HAL_NVIC_SetPriority                     0x08000bed   Thumb Code     8  stm32f0xx_hal_cortex.o(i.HAL_NVIC_SetPriority)
    HAL_RCC_ClockConfig                      0x08000bf5   Thumb Code   280  stm32f0xx_hal_rcc.o(i.HAL_RCC_ClockConfig)
    HAL_RCC_GetHCLKFreq                      0x08000d21   Thumb Code     6  stm32f0xx_hal_rcc.o(i.HAL_RCC_GetHCLKFreq)
    HAL_RCC_GetSysClockFreq                  0x08000d2d   Thumb Code    76  stm32f0xx_hal_rcc.o(i.HAL_RCC_GetSysClockFreq)
    HAL_RCC_OscConfig                        0x08000da5   Thumb Code   840  stm32f0xx_hal_rcc.o(i.HAL_RCC_OscConfig)
    HAL_SPI_Init                             0x080010f9   Thumb Code   204  stm32f0xx_hal_spi.o(i.HAL_SPI_Init)
    HAL_SPI_MspInit                          0x080011c9   Thumb Code    58  spi.o(i.HAL_SPI_MspInit)
    HAL_SPI_TransmitReceive                  0x08001211   Thumb Code   710  stm32f0xx_hal_spi.o(i.HAL_SPI_TransmitReceive)
    HAL_SYSTICK_CLKSourceConfig              0x080014e1   Thumb Code    20  stm32f0xx_hal_cortex.o(i.HAL_SYSTICK_CLKSourceConfig)
    HAL_SYSTICK_Callback                     0x080014f9   Thumb Code     2  stm32f0xx_hal_cortex.o(i.HAL_SYSTICK_Callback)
    HAL_SYSTICK_Config                       0x080014fd   Thumb Code    38  stm32f0xx_hal_cortex.o(i.HAL_SYSTICK_Config)
    HAL_SYSTICK_IRQHandler                   0x0800152d   Thumb Code     8  stm32f0xx_hal_cortex.o(i.HAL_SYSTICK_IRQHandler)
    LIS3DH_GetAccAxesRaw                     0x08001535   Thumb Code   140  lis3dh_driver.o(i.LIS3DH_GetAccAxesRaw)
    LIS3DH_GetStatusAUX                      0x080015c1   Thumb Code    18  lis3dh_driver.o(i.LIS3DH_GetStatusAUX)
    LIS3DH_GetStatusReg                      0x080015d3   Thumb Code    18  lis3dh_driver.o(i.LIS3DH_GetStatusReg)
    LIS3DH_GetWHO_AM_I                       0x080015e5   Thumb Code    18  lis3dh_driver.o(i.LIS3DH_GetWHO_AM_I)
    LIS3DH_INT1_ISR                          0x080015f9   Thumb Code    32  controle.o(i.LIS3DH_INT1_ISR)
    LIS3DH_INT2_ISR                          0x08001629   Thumb Code    26  controle.o(i.LIS3DH_INT2_ISR)
    LIS3DH_Init                              0x08001651   Thumb Code     8  controle.o(i.LIS3DH_Init)
    LIS3DH_ReadReg                           0x08001659   Thumb Code    14  lis3dh_driver.o(i.LIS3DH_ReadReg)
    LIS3DH_ResetInt1Latch                    0x08001667   Thumb Code    18  lis3dh_driver.o(i.LIS3DH_ResetInt1Latch)
    LIS3DH_ResetInt2Latch                    0x08001679   Thumb Code    18  lis3dh_driver.o(i.LIS3DH_ResetInt2Latch)
    LIS3DH_WriteReg                          0x0800168b   Thumb Code    10  lis3dh_driver.o(i.LIS3DH_WriteReg)
    MEMS_SendByte                            0x08001695   Thumb Code    26  lis3dh_driver.o(i.MEMS_SendByte)
    MEMS_Startup                             0x080016bd   Thumb Code   258  controle.o(i.MEMS_Startup)
    MX_GPIO_Init                             0x080017e9   Thumb Code   180  gpio.o(i.MX_GPIO_Init)
    MX_SPI1_Init                             0x080018b1   Thumb Code    68  spi.o(i.MX_SPI1_Init)
    Modulo                                   0x080018fd   Thumb Code    12  controle.o(i.Modulo)
    SPI_Mems_Read_Reg                        0x0800197f   Thumb Code    74  lis3dh_driver.o(i.SPI_Mems_Read_Reg)
    SPI_Mems_Write_Reg                       0x080019c9   Thumb Code    48  lis3dh_driver.o(i.SPI_Mems_Write_Reg)
    SysTick_Handler                          0x08001b2d   Thumb Code    12  stm32f0xx_it.o(i.SysTick_Handler)
    SystemClock_Config                       0x08001b39   Thumb Code   102  main.o(i.SystemClock_Config)
    SystemInit                               0x08001ba1   Thumb Code    78  system_stm32f0xx.o(i.SystemInit)
    __ARM_clz                                0x08001bfd   Thumb Code    46  depilogue.o(i.__ARM_clz)
    __kernel_poly                            0x08001c2b   Thumb Code   172  poly.o(i.__kernel_poly)
    __mathlib_dbl_infnan                     0x08001cd7   Thumb Code    10  dunder.o(i.__mathlib_dbl_infnan)
    __mathlib_dbl_invalid                    0x08001ce1   Thumb Code    16  dunder.o(i.__mathlib_dbl_invalid)
    __scatterload_copy                       0x08001cf1   Thumb Code    14  handlers.o(i.__scatterload_copy)
    __scatterload_null                       0x08001cff   Thumb Code     2  handlers.o(i.__scatterload_null)
    __scatterload_zeroinit                   0x08001d01   Thumb Code    14  handlers.o(i.__scatterload_zeroinit)
    __set_errno                              0x08001d11   Thumb Code     6  errno.o(i.__set_errno)
    acos                                     0x08001d1d   Thumb Code   556  acos.o(i.acos)
    main                                     0x08001f85   Thumb Code    66  main.o(i.main)
    sqrt                                     0x08001fd9   Thumb Code    66  sqrt.o(i.sqrt)
    AHBPrescTable                            0x08002020   Data          16  system_stm32f0xx.o(.constdata)
    Region$$Table$$Base                      0x08002080   Number         0  anon$$obj.o(Region$$Table)
    Region$$Table$$Limit                     0x080020a0   Number         0  anon$$obj.o(Region$$Table)
    uwTick                                   0x20000000   Data           4  stm32f0xx_hal.o(.data)
    WhoAmI                                   0x20000004   Data           1  const_var.o(.data)
    Ctrl_reg1                                0x20000005   Data           1  const_var.o(.data)
    Ctrl_reg2                                0x20000006   Data           1  const_var.o(.data)
    Ctrl_reg3                                0x20000007   Data           1  const_var.o(.data)
    Ctrl_reg4                                0x20000008   Data           1  const_var.o(.data)
    Ctrl_reg5                                0x20000009   Data           1  const_var.o(.data)
    Ctrl_reg6                                0x2000000a   Data           1  const_var.o(.data)
    Int1_dur                                 0x2000000b   Data           1  const_var.o(.data)
    Int1_ths                                 0x2000000c   Data           1  const_var.o(.data)
    Int1_cfg                                 0x2000000d   Data           1  const_var.o(.data)
    StatusRegVar                             0x2000000e   Data           1  const_var.o(.data)
    StatusAUXVar                             0x2000000f   Data           1  const_var.o(.data)
    leitura                                  0x20000010   Data           6  const_var.o(.data)
    DataReady                                0x20000016   Data           2  const_var.o(.data)
    Angulo                                   0x20000018   Data           4  controle.o(.data)
    SystemCoreClock                          0x2000001c   Data           4  system_stm32f0xx.o(.data)
    TxBuff                                   0x20000024   Data          10  spi.o(.bss)
    RxBuff                                   0x2000002e   Data          10  spi.o(.bss)
    hspi1                                    0x20000038   Data         100  spi.o(.bss)
    __initial_sp                             0x200004a0   Data           0  startup_stm32f030x8.o(STACK)



==============================================================================

Memory Map of the image

  Image Entry point : 0x080000b5

  Load Region LR_IROM1 (Base: 0x08000000, Size: 0x000020c4, Max: 0x00010000, ABSOLUTE)

    Execution Region ER_IROM1 (Base: 0x08000000, Size: 0x000020a0, Max: 0x00010000, ABSOLUTE)

    Base Addr    Size         Type   Attr      Idx    E Section Name        Object

    0x08000000   0x000000b4   Data   RO         1663    RESET               startup_stm32f030x8.o
    0x080000b4   0x00000000   Code   RO         2337  * .ARM.Collect$$$$00000000  mc_p.l(entry.o)
    0x080000b4   0x00000004   Code   RO         2378    .ARM.Collect$$$$00000001  mc_p.l(entry2.o)
    0x080000b8   0x00000004   Code   RO         2381    .ARM.Collect$$$$00000004  mc_p.l(entry5.o)
    0x080000bc   0x00000000   Code   RO         2383    .ARM.Collect$$$$00000008  mc_p.l(entry7b.o)
    0x080000bc   0x00000000   Code   RO         2385    .ARM.Collect$$$$0000000A  mc_p.l(entry8b.o)
    0x080000bc   0x00000008   Code   RO         2386    .ARM.Collect$$$$0000000B  mc_p.l(entry9a.o)
    0x080000c4   0x00000000   Code   RO         2388    .ARM.Collect$$$$0000000D  mc_p.l(entry10a.o)
    0x080000c4   0x00000000   Code   RO         2390    .ARM.Collect$$$$0000000F  mc_p.l(entry11a.o)
    0x080000c4   0x00000004   Code   RO         2379    .ARM.Collect$$$$00002712  mc_p.l(entry2.o)
    0x080000c8   0x0000001c   Code   RO         1664    .text               startup_stm32f030x8.o
    0x080000e4   0x0000002c   Code   RO         2340    .text               mc_p.l(uidiv.o)
    0x08000110   0x00000022   Code   RO         2342    .text               mc_p.l(llushr.o)
    0x08000132   0x0000007a   Code   RO         2346    .text               mf_p.l(fmul.o)
    0x080001ac   0x0000007c   Code   RO         2348    .text               mf_p.l(fdiv.o)
    0x08000228   0x00000164   Code   RO         2350    .text               mf_p.l(dadd.o)
    0x0800038c   0x000000d0   Code   RO         2352    .text               mf_p.l(dmul.o)
    0x0800045c   0x00000028   Code   RO         2354    .text               mf_p.l(dflti.o)
    0x08000484   0x0000001c   Code   RO         2356    .text               mf_p.l(dfltui.o)
    0x080004a0   0x00000028   Code   RO         2358    .text               mf_p.l(f2d.o)
    0x080004c8   0x00000038   Code   RO         2360    .text               mf_p.l(d2f.o)
    0x08000500   0x00000020   Code   RO         2392    .text               mc_p.l(llshl.o)
    0x08000520   0x00000026   Code   RO         2394    .text               mc_p.l(llsshr.o)
    0x08000546   0x00000000   Code   RO         2403    .text               mc_p.l(iusefp.o)
    0x08000546   0x00000082   Code   RO         2404    .text               mf_p.l(fepilogue.o)
    0x080005c8   0x000000be   Code   RO         2406    .text               mf_p.l(depilogue.o)
    0x08000686   0x00000002   PAD
    0x08000688   0x000000f0   Code   RO         2410    .text               mf_p.l(ddiv.o)
    0x08000778   0x0000002c   Code   RO         2412    .text               mf_p.l(dscalb.o)
    0x080007a4   0x000000a2   Code   RO         2414    .text               mf_p.l(dsqrt.o)
    0x08000846   0x00000002   PAD
    0x08000848   0x00000024   Code   RO         2418    .text               mc_p.l(init.o)
    0x0800086c   0x00000014   Code   RO         1806    i.EXTI4_15_IRQHandler  stm32f0xx_it.o
    0x08000880   0x00000002   Code   RO         1733    i.Error_Handler     main.o
    0x08000882   0x00000002   PAD
    0x08000884   0x00000134   Code   RO         1886    i.GetAngle          controle.o
    0x080009b8   0x0000001c   Code   RO         1734    i.HAL_GPIO_EXTI_Callback  main.o
    0x080009d4   0x00000018   Code   RO         1414    i.HAL_GPIO_EXTI_IRQHandler  stm32f0xx_hal_gpio.o
    0x080009ec   0x00000148   Code   RO         1415    i.HAL_GPIO_Init     stm32f0xx_hal_gpio.o
    0x08000b34   0x0000000c   Code   RO         1419    i.HAL_GPIO_WritePin  stm32f0xx_hal_gpio.o
    0x08000b40   0x0000000c   Code   RO          203    i.HAL_GetTick       stm32f0xx_hal.o
    0x08000b4c   0x00000010   Code   RO          204    i.HAL_IncTick       stm32f0xx_hal.o
    0x08000b5c   0x00000020   Code   RO          205    i.HAL_Init          stm32f0xx_hal.o
    0x08000b7c   0x00000022   Code   RO          206    i.HAL_InitTick      stm32f0xx_hal.o
    0x08000b9e   0x00000002   PAD
    0x08000ba0   0x00000038   Code   RO         1713    i.HAL_MspInit       stm32f0xx_hal_msp.o
    0x08000bd8   0x00000014   Code   RO         1490    i.HAL_NVIC_EnableIRQ  stm32f0xx_hal_cortex.o
    0x08000bec   0x00000008   Code   RO         1494    i.HAL_NVIC_SetPriority  stm32f0xx_hal_cortex.o
    0x08000bf4   0x0000012c   Code   RO          525    i.HAL_RCC_ClockConfig  stm32f0xx_hal_rcc.o
    0x08000d20   0x0000000c   Code   RO          530    i.HAL_RCC_GetHCLKFreq  stm32f0xx_hal_rcc.o
    0x08000d2c   0x00000078   Code   RO          533    i.HAL_RCC_GetSysClockFreq  stm32f0xx_hal_rcc.o
    0x08000da4   0x00000354   Code   RO          536    i.HAL_RCC_OscConfig  stm32f0xx_hal_rcc.o
    0x080010f8   0x000000d0   Code   RO          696    i.HAL_SPI_Init      stm32f0xx_hal_spi.o
    0x080011c8   0x00000048   Code   RO         1671    i.HAL_SPI_MspInit   spi.o
    0x08001210   0x000002d0   Code   RO          705    i.HAL_SPI_TransmitReceive  stm32f0xx_hal_spi.o
    0x080014e0   0x00000018   Code   RO         1496    i.HAL_SYSTICK_CLKSourceConfig  stm32f0xx_hal_cortex.o
    0x080014f8   0x00000002   Code   RO         1497    i.HAL_SYSTICK_Callback  stm32f0xx_hal_cortex.o
    0x080014fa   0x00000002   PAD
    0x080014fc   0x00000030   Code   RO         1498    i.HAL_SYSTICK_Config  stm32f0xx_hal_cortex.o
    0x0800152c   0x00000008   Code   RO         1499    i.HAL_SYSTICK_IRQHandler  stm32f0xx_hal_cortex.o
    0x08001534   0x0000008c   Code   RO         1953    i.LIS3DH_GetAccAxesRaw  lis3dh_driver.o
    0x080015c0   0x00000012   Code   RO         1961    i.LIS3DH_GetStatusAUX  lis3dh_driver.o
    0x080015d2   0x00000012   Code   RO         1964    i.LIS3DH_GetStatusReg  lis3dh_driver.o
    0x080015e4   0x00000012   Code   RO         1966    i.LIS3DH_GetWHO_AM_I  lis3dh_driver.o
    0x080015f6   0x00000002   PAD
    0x080015f8   0x00000030   Code   RO         1887    i.LIS3DH_INT1_ISR   controle.o
    0x08001628   0x00000028   Code   RO         1888    i.LIS3DH_INT2_ISR   controle.o
    0x08001650   0x00000008   Code   RO         1889    i.LIS3DH_Init       controle.o
    0x08001658   0x0000000e   Code   RO         1971    i.LIS3DH_ReadReg    lis3dh_driver.o
    0x08001666   0x00000012   Code   RO         1972    i.LIS3DH_ResetInt1Latch  lis3dh_driver.o
    0x08001678   0x00000012   Code   RO         1973    i.LIS3DH_ResetInt2Latch  lis3dh_driver.o
    0x0800168a   0x0000000a   Code   RO         2001    i.LIS3DH_WriteReg   lis3dh_driver.o
    0x08001694   0x00000028   Code   RO         2002    i.MEMS_SendByte     lis3dh_driver.o
    0x080016bc   0x0000012c   Code   RO         1890    i.MEMS_Startup      controle.o
    0x080017e8   0x000000c8   Code   RO         1786    i.MX_GPIO_Init      gpio.o
    0x080018b0   0x0000004c   Code   RO         1672    i.MX_SPI1_Init      spi.o
    0x080018fc   0x0000000c   Code   RO         1891    i.Modulo            controle.o
    0x08001908   0x00000044   Code   RO         1500    i.NVIC_SetPriority  stm32f0xx_hal_cortex.o
    0x0800194c   0x00000032   Code   RO          731    i.SPI_EndRxTxTransaction  stm32f0xx_hal_spi.o
    0x0800197e   0x0000004a   Code   RO         2003    i.SPI_Mems_Read_Reg  lis3dh_driver.o
    0x080019c8   0x00000030   Code   RO         2004    i.SPI_Mems_Write_Reg  lis3dh_driver.o
    0x080019f8   0x000000a4   Code   RO          738    i.SPI_WaitFifoStateUntilTimeout  stm32f0xx_hal_spi.o
    0x08001a9c   0x00000090   Code   RO          739    i.SPI_WaitFlagStateUntilTimeout  stm32f0xx_hal_spi.o
    0x08001b2c   0x0000000c   Code   RO         1807    i.SysTick_Handler   stm32f0xx_it.o
    0x08001b38   0x00000066   Code   RO         1735    i.SystemClock_Config  main.o
    0x08001b9e   0x00000002   PAD
    0x08001ba0   0x0000005c   Code   RO         2288    i.SystemInit        system_stm32f0xx.o
    0x08001bfc   0x0000002e   Code   RO         2408    i.__ARM_clz         mf_p.l(depilogue.o)
    0x08001c2a   0x000000ac   Code   RO         2376    i.__kernel_poly     m_ps.l(poly.o)
    0x08001cd6   0x0000000a   Code   RO         2363    i.__mathlib_dbl_infnan  m_ps.l(dunder.o)
    0x08001ce0   0x00000010   Code   RO         2365    i.__mathlib_dbl_invalid  m_ps.l(dunder.o)
    0x08001cf0   0x0000000e   Code   RO         2422    i.__scatterload_copy  mc_p.l(handlers.o)
    0x08001cfe   0x00000002   Code   RO         2423    i.__scatterload_null  mc_p.l(handlers.o)
    0x08001d00   0x0000000e   Code   RO         2424    i.__scatterload_zeroinit  mc_p.l(handlers.o)
    0x08001d0e   0x00000002   PAD
    0x08001d10   0x0000000c   Code   RO         2398    i.__set_errno       mc_p.l(errno.o)
    0x08001d1c   0x00000268   Code   RO         2320    i.acos              m_ps.l(acos.o)
    0x08001f84   0x00000054   Code   RO         1736    i.main              main.o
    0x08001fd8   0x00000048   Code   RO         2330    i.sqrt              m_ps.l(sqrt.o)
    0x08002020   0x00000010   Data   RO         2289    .constdata          system_stm32f0xx.o
    0x08002030   0x00000050   Data   RO         2321    .constdata          m_ps.l(acos.o)
    0x08002080   0x00000020   Data   RO         2420    Region$$Table       anon$$obj.o


    Execution Region RW_IRAM1 (Base: 0x20000000, Size: 0x000004a0, Max: 0x00002000, ABSOLUTE)

    Base Addr    Size         Type   Attr      Idx    E Section Name        Object

    0x20000000   0x00000004   Data   RW          211    .data               stm32f0xx_hal.o
    0x20000004   0x00000001   Data   RW         1835    .data               const_var.o
    0x20000005   0x00000001   Data   RW         1843    .data               const_var.o
    0x20000006   0x00000001   Data   RW         1844    .data               const_var.o
    0x20000007   0x00000001   Data   RW         1845    .data               const_var.o
    0x20000008   0x00000001   Data   RW         1846    .data               const_var.o
    0x20000009   0x00000001   Data   RW         1847    .data               const_var.o
    0x2000000a   0x00000001   Data   RW         1848    .data               const_var.o
    0x2000000b   0x00000001   Data   RW         1849    .data               const_var.o
    0x2000000c   0x00000001   Data   RW         1850    .data               const_var.o
    0x2000000d   0x00000001   Data   RW         1851    .data               const_var.o
    0x2000000e   0x00000001   Data   RW         1861    .data               const_var.o
    0x2000000f   0x00000001   Data   RW         1862    .data               const_var.o
    0x20000010   0x00000006   Data   RW         1863    .data               const_var.o
    0x20000016   0x00000002   Data   RW         1866    .data               const_var.o
    0x20000018   0x00000004   Data   RW         1892    .data               controle.o
    0x2000001c   0x00000004   Data   RW         2291    .data               system_stm32f0xx.o
    0x20000020   0x00000004   Data   RW         2399    .data               mc_p.l(errno.o)
    0x20000024   0x0000000a   Zero   RW         1673    .bss                spi.o
    0x2000002e   0x0000000a   Zero   RW         1674    .bss                spi.o
    0x20000038   0x00000064   Zero   RW         1675    .bss                spi.o
    0x2000009c   0x00000004   PAD
    0x200000a0   0x00000400   Zero   RW         1661    STACK               startup_stm32f030x8.o


==============================================================================

Image component sizes


      Code (inc. data)   RO Data    RW Data    ZI Data      Debug   Object Name

         0          0          0         20          0       9170   const_var.o
       716         78          0          4          0       4464   controle.o
       200         20          0          0          0       1023   gpio.o
       416         14          0          0          0       6870   lis3dh_driver.o
       216         18          0          0          0      10464   main.o
       148         22          0          0        120       1767   spi.o
        28          8        180          0       1024        632   startup_stm32f030x8.o
        94         18          0          4          0       3279   stm32f0xx_hal.o
       178         28          0          0          0      10791   stm32f0xx_hal_cortex.o
         0          0          0          0          0     222696   stm32f0xx_hal_flash.o
       364         32          0          0          0       3039   stm32f0xx_hal_gpio.o
        56          6          0          0          0        882   stm32f0xx_hal_msp.o
      1284         82          0          0          0       4622   stm32f0xx_hal_rcc.o
      1286         26          0          0          0       5625   stm32f0xx_hal_spi.o
        32          0          0          0          0        972   stm32f0xx_it.o
        92         14         16          4          0       1483   system_stm32f0xx.o

    ----------------------------------------------------------------------
      5120        366        228         32       1148     287779   Object Totals
         0          0         32          0          0          0   (incl. Generated)
        10          0          0          0          4          0   (incl. Padding)

    ----------------------------------------------------------------------

      Code (inc. data)   RO Data    RW Data    ZI Data      Debug   Library Member Name

       616         60         80          0          0        120   acos.o
        26          0          0          0          0        136   dunder.o
       172          0          0          0          0         76   poly.o
        72          6          0          0          0         76   sqrt.o
         0          0          0          0          0          0   entry.o
         0          0          0          0          0          0   entry10a.o
         0          0          0          0          0          0   entry11a.o
         8          4          0          0          0          0   entry2.o
         4          0          0          0          0          0   entry5.o
         0          0          0          0          0          0   entry7b.o
         0          0          0          0          0          0   entry8b.o
         8          4          0          0          0          0   entry9a.o
        12          6          0          4          0         60   errno.o
        30          0          0          0          0          0   handlers.o
        36          8          0          0          0         68   init.o
         0          0          0          0          0          0   iusefp.o
        32          0          0          0          0         68   llshl.o
        38          0          0          0          0         68   llsshr.o
        34          0          0          0          0         68   llushr.o
        44          0          0          0          0         72   uidiv.o
        56          0          0          0          0         68   d2f.o
       356          4          0          0          0        140   dadd.o
       240          6          0          0          0         84   ddiv.o
       236          0          0          0          0        216   depilogue.o
        40          6          0          0          0         68   dflti.o
        28          4          0          0          0         68   dfltui.o
       208          6          0          0          0         88   dmul.o
        44          0          0          0          0         72   dscalb.o
       162          0          0          0          0         80   dsqrt.o
        40          0          0          0          0         60   f2d.o
       124          0          0          0          0         72   fdiv.o
       130          0          0          0          0        144   fepilogue.o
       122          0          0          0          0         72   fmul.o

    ----------------------------------------------------------------------
      2924        114         80          4          0       2044   Library Totals
         6          0          0          0          0          0   (incl. Padding)

    ----------------------------------------------------------------------

      Code (inc. data)   RO Data    RW Data    ZI Data      Debug   Library Name

       886         66         80          0          0        408   m_ps.l
       246         22          0          4          0        404   mc_p.l
      1786         26          0          0          0       1232   mf_p.l

    ----------------------------------------------------------------------
      2924        114         80          4          0       2044   Library Totals

    ----------------------------------------------------------------------

==============================================================================


      Code (inc. data)   RO Data    RW Data    ZI Data      Debug   

      8044        480        308         36       1148     286851   Grand Totals
      8044        480        308         36       1148     286851   ELF Image Totals
      8044        480        308         36          0          0   ROM Totals

==============================================================================

    Total RO  Size (Code + RO Data)                 8352 (   8.16kB)
    Total RW  Size (RW Data + ZI Data)              1184 (   1.16kB)
    Total ROM Size (Code + RO Data + RW Data)       8388 (   8.19kB)

==============================================================================

